
\nffplay version 8.0 Copyright (c) 2003-2025 the FFmpeg developers
  built with Apple clang version 17.0.0 (clang-1700.0.13.3)
  configuration: --prefix=/opt/homebrew/Cellar/ffmpeg/8.0_1 --enable-shared --enable-pthreads --enable-version3 --cc=clang --host-cflags= --host-ldflags='-Wl,-ld_classic' --enable-ffplay --enable-gnutls --enable-gpl --enable-libaom --enable-libaribb24 --enable-libbluray --enable-libdav1d --enable-libharfbuzz --enable-libjxl --enable-libmp3lame --enable-libopus --enable-librav1e --enable-librist --enable-librubberband --enable-libsnappy --enable-libsrt --enable-libssh --enable-libsvtav1 --enable-libtesseract --enable-libtheora --enable-libvidstab --enable-libvmaf --enable-libvorbis --enable-libvpx --enable-libwebp --enable-libx264 --enable-libx265 --enable-libxml2 --enable-libxvid --enable-lzma --enable-libfontconfig --enable-libfreetype --enable-frei0r --enable-libass --enable-libopencore-amrnb --enable-libopencore-amrwb --enable-libopenjpeg --enable-libspeex --enable-libsoxr --enable-libzmq --enable-libzimg --disable-libjack --disable-indev=jack --enable-videotoolbox --enable-audiotoolbox --enable-neon
  libavutil      60.  8.100 / 60.  8.100
  libavcodec     62. 11.100 / 62. 11.100
  libavformat    62.  3.100 / 62.  3.100
  libavdevice    62.  1.100 / 62.  1.100
  libavfilter    11.  4.100 / 11.  4.100
  libswscale      9.  1.100 /  9.  1.100
  libswresample   6.  1.100 /  6.  1.100
    nan    :  0.000 fd=   0 aq=    0KB vq=    0KB sq=    0B 
Input #0, wav, from '/Users/gunnchos/Downloads/gunnchos-7gc-research-product-spine/repos/gunnchos-device-os/artifacts/phase_xii/metrics/multitask/track.wav':
  Metadata:
    encoder         : Lavf62.3.100
  Duration: 00:00:01.00, bitrate: 706 kb/s
  Stream #0:0: Audio: pcm_s16le ([1][0][0][0] / 0x0001), 44100 Hz, 1 channels, s16, 705 kb/s
    nan M-A:    nan fd=   0 aq=    6KB vq=    0KB sq=    0B 
    nan M-A:    nan fd=   0 aq=    6KB vq=    0KB sq=    0B 
  -0.02 M-A:  0.000 fd=   0 aq=    6KB vq=    0KB sq=    0B 
   0.01 M-A:  0.000 fd=   0 aq=    6KB vq=    0KB sq=    0B 
   0.05 M-A:  0.000 fd=   0 aq=    0KB vq=    0KB sq=    0B 
   0.08 M-A:  0.000 fd=   0 aq=    0KB vq=    0KB sq=    0B 
   0.11 M-A:  0.000 fd=   0 aq=    0KB vq=    0KB sq=    0B 
   0.15 M-A:  0.000 fd=   0 aq=    0KB vq=    0KB sq=    0B 
   0.18 M-A:  0.000 fd=   0 aq=    0KB vq=    0KB sq=    0B 
   0.22 M-A:  0.000 fd=   0 aq=    0KB vq=    0KB sq=    0B 
   0.25 M-A:  0.000 fd=   0 aq=    0KB vq=    0KB sq=    0B 
   0.29 M-A: -0.000 fd=   0 aq=    0KB vq=    0KB sq=    0B 
   0.32 M-A:  0.000 fd=   0 aq=    0KB vq=    0KB sq=    0B 
   0.36 M-A:  0.000 fd=   0 aq=    0KB vq=    0KB sq=    0B 
   0.40 M-A: -0.000 fd=   0 aq=    0KB vq=    0KB sq=    0B 
   0.43 M-A:  0.000 fd=   0 aq=    0KB vq=    0KB sq=    0B 
   0.47 M-A:  0.000 fd=   0 aq=    0KB vq=    0KB sq=    0B 
   0.50 M-A:  0.000 fd=   0 aq=    0KB vq=    0KB sq=    0B 
   0.54 M-A:  0.000 fd=   0 aq=    0KB vq=    0KB sq=    0B 
   0.57 M-A:  0.000 fd=   0 aq=    0KB vq=    0KB sq=    0B 
   0.61 M-A:  0.000 fd=   0 aq=    0KB vq=    0KB sq=    0B 
   0.65 M-A:  0.000 fd=   0 aq=    0KB vq=    0KB sq=    0B 
   0.68 M-A:  0.000 fd=   0 aq=    0KB vq=    0KB sq=    0B 
   0.72 M-A:  0.000 fd=   0 aq=    0KB vq=    0KB sq=    0B 
   0.75 M-A: -0.000 fd=   0 aq=    0KB vq=    0KB sq=    0B 
   0.79 M-A: -0.000 fd=   0 aq=    0KB vq=    0KB sq=    0B 
   0.83 M-A:  0.000 fd=   0 aq=    0KB vq=    0KB sq=    0B 
   0.86 M-A: -0.000 fd=   0 aq=    0KB vq=    0KB sq=    0B 
   0.89 M-A: -0.000 fd=   0 aq=    0KB vq=    0KB sq=    0B 
