npm warn Unknown env config "devdir". This will stop working in the next major version of npm.

up to date, audited 223 packages in 2s

29 packages are looking for funding
  run `npm fund` for details

# npm audit report

@vitest/mocker  <=4.1.10
Severity: moderate
Vitest: Path Traversal / Arbitrary File Read via @vitest/mocker Redirect Mock - https://github.com/advisories/GHSA-82fw-gwwq-j7x9
Depends on vulnerable versions of vite
fix available via `npm audit fix --force`
Will install vitest@5.0.1, which is a breaking change
node_modules/@vitest/mocker
  vitest  <=4.1.10
  Depends on vulnerable versions of @vitest/mocker
  Depends on vulnerable versions of vite
  Depends on vulnerable versions of vite-node
  node_modules/vitest

esbuild  <=0.24.2
Severity: moderate
esbuild enables any website to send any requests to the development server and read the response - https://github.com/advisories/GHSA-67mh-4wv8-2f99
fix available via `npm audit fix --force`
Will install vite@8.3.0, which is a breaking change
node_modules/esbuild
  vite  <=6.4.2
  Depends on vulnerable versions of esbuild
  node_modules/vite
    vite-node  <=2.2.0-beta.2
    Depends on vulnerable versions of vite
    node_modules/vite-node



5 vulnerabilities (3 moderate, 1 high, 1 critical)

To address all issues (including breaking changes), run:
  npm audit fix --force
