[    0.000000] Booting Linux on physical CPU 0x0000000000 [0x610f0000]
[    0.000000] Linux version 6.12.81-0-virt (buildozer@build-3-21-aarch64) (gcc (Alpine 14.2.0) 14.2.0, GNU ld (GNU Binutils) 2.43.1) #1-Alpine SMP PREEMPT_DYNAMIC 2026-04-11 16:37:46
[    0.000000] random: crng init done
[    0.000000] Machine model: linux,dummy-virt
[    0.000000] efi: UEFI not found.
[    0.000000] OF: reserved mem: Reserved memory: No reserved-memory node in the DT
[    0.000000] NUMA: Faking a node at [mem 0x0000000040000000-0x00000000bfffffff]
[    0.000000] NODE_DATA(0) allocated [mem 0xbf9f9580-0xbf9fb9ff]
[    0.000000] Zone ranges:
[    0.000000]   DMA      [mem 0x0000000040000000-0x00000000bfffffff]
[    0.000000]   DMA32    empty
[    0.000000]   Normal   empty
[    0.000000] Movable zone start for each node
[    0.000000] Early memory node ranges
[    0.000000]   node   0: [mem 0x0000000040000000-0x00000000bfffffff]
[    0.000000] Initmem setup node 0 [mem 0x0000000040000000-0x00000000bfffffff]
[    0.000000] psci: probing for conduit method from DT.
[    0.000000] psci: PSCIv1.1 detected in firmware.
[    0.000000] psci: Using standard PSCI v0.2 function IDs
[    0.000000] psci: Trusted OS migration not required
[    0.000000] psci: SMC Calling Convention v1.0
[    0.000000] percpu: Embedded 33 pages/cpu s96920 r8192 d30056 u135168
[    0.000000] Detected PIPT I-cache on CPU0
[    0.000000] CPU features: detected: Address authentication (IMP DEF algorithm)
[    0.000000] CPU features: detected: Spectre-v4
[    0.000000] CPU features: detected: Spectre-BHB
[    0.000000] alternatives: applying boot alternatives
[    0.000000] Kernel command line: console=ttyAMA0 earlyprintk=serial rdinit=/init panic=1 gunnchos.lab_persist=1 gunnchos.guest_agent=1
[    0.000000] Unknown kernel command line parameters "earlyprintk=serial", will be passed to user space.
[    0.000000] Dentry cache hash table entries: 262144 (order: 9, 2097152 bytes, linear)
[    0.000000] Inode-cache hash table entries: 131072 (order: 8, 1048576 bytes, linear)
[    0.000000] Fallback order for Node 0: 0 
[    0.000000] Built 1 zonelists, mobility grouping on.  Total pages: 524288
[    0.000000] Policy zone: DMA
[    0.000000] mem auto-init: stack:all(zero), heap alloc:on, heap free:off
[    0.000000] software IO TLB: SWIOTLB bounce buffer size adjusted to 2MB
[    0.000000] software IO TLB: area num 2.
[    0.000000] software IO TLB: mapped [mem 0x00000000bd400000-0x00000000bd600000] (2MB)
[    0.000000] SLUB: HWalign=64, Order=0-3, MinObjects=0, CPUs=2, Nodes=1
[    0.000000] Dynamic Preempt: none
[    0.000000] rcu: Preemptible hierarchical RCU implementation.
[    0.000000] rcu: 	RCU restricting CPUs from NR_CPUS=4096 to nr_cpu_ids=2.
[    0.000000] 	Trampoline variant of Tasks RCU enabled.
[    0.000000] 	Tracing variant of Tasks RCU enabled.
[    0.000000] rcu: RCU calculated value of scheduler-enlistment delay is 10 jiffies.
[    0.000000] rcu: Adjusting geometry for rcu_fanout_leaf=16, nr_cpu_ids=2
[    0.000000] RCU Tasks: Setting shift to 1 and lim to 1 rcu_task_cb_adjust=1 rcu_task_cpu_ids=2.
[    0.000000] RCU Tasks Trace: Setting shift to 1 and lim to 1 rcu_task_cb_adjust=1 rcu_task_cpu_ids=2.
[    0.000000] NR_IRQS: 64, nr_irqs: 64, preallocated irqs: 0
[    0.000000] Root IRQ handler: gic_handle_irq
[    0.000000] GICv2m: range[mem 0x08020000-0x08020fff], SPI[80:143]
[    0.000000] rcu: srcu_init: Setting srcu_struct sizes based on contention.
[    0.000000] arch_timer: cp15 timer(s) running at 24.00MHz (virt).
[    0.000000] clocksource: arch_sys_counter: mask: 0xffffffffffffff max_cycles: 0x588fe9dc0, max_idle_ns: 440795202592 ns
[    0.000000] sched_clock: 56 bits at 24MHz, resolution 41ns, wraps every 4398046511097ns
[    0.000143] kfence: initialized - using 2097152 bytes for 255 objects at 0x(____ptrval____)-0x(____ptrval____)
[    0.000185] Console: colour dummy device 80x25
[    0.000205] Calibrating delay loop (skipped), value calculated using timer frequency.. 48.00 BogoMIPS (lpj=240000)
[    0.000206] pid_max: default: 32768 minimum: 301
[    0.000230] LSM: initializing lsm=lockdown,capability,landlock
[    0.000280] landlock: Up and running.
[    0.000347] Mount-cache hash table entries: 4096 (order: 3, 32768 bytes, linear)
[    0.000352] Mountpoint-cache hash table entries: 4096 (order: 3, 32768 bytes, linear)
[    0.000614] cacheinfo: Unable to detect cache hierarchy for CPU 0
[    0.000775] rcu: Hierarchical SRCU implementation.
[    0.000775] rcu: 	Max phase no-delay instances is 1000.
[    0.000802] Timer migration: 1 hierarchy levels; 8 children per group; 1 crossnode level
[    0.000899] EFI services will not be available.
[    0.000919] smp: Bringing up secondary CPUs ...
[    0.001083] Detected PIPT I-cache on CPU1
[    0.001156] CPU1: Booted secondary processor 0x0000000001 [0x610f0000]
[    0.001283] smp: Brought up 1 node, 2 CPUs
[    0.001284] SMP: Total of 2 processors activated.
[    0.001284] CPU: All CPU(s) started at EL1
[    0.001289] CPU features: detected: Branch Target Identification
[    0.001289] CPU features: detected: ARMv8.4 Translation Table Level
[    0.001290] CPU features: detected: Data cache clean to the PoU not required for I/D coherence
[    0.001290] CPU features: detected: Common not Private translations
[    0.001291] CPU features: detected: CRC32 instructions
[    0.001291] CPU features: detected: Data independent timing control (DIT)
[    0.001291] CPU features: detected: E0PD
[    0.001292] CPU features: detected: Generic authentication (IMP DEF algorithm)
[    0.001292] CPU features: detected: RCpc load-acquire (LDAPR)
[    0.001293] CPU features: detected: LSE atomic instructions
[    0.001293] CPU features: detected: Privileged Access Never
[    0.001293] CPU features: detected: RAS Extension Support
[    0.001294] CPU features: detected: Speculation barrier (SB)
[    0.001294] CPU features: detected: TLB range maintenance instructions
[    0.001359] alternatives: applying system-wide alternatives
[    0.002183] Memory: 2008580K/2097152K available (12608K kernel code, 1962K rwdata, 7804K rodata, 1920K init, 9307K bss, 84016K reserved, 0K cma-reserved)
[    0.002445] devtmpfs: initialized
[    0.002825] clocksource: jiffies: mask: 0xffffffff max_cycles: 0xffffffff, max_idle_ns: 19112604462750000 ns
[    0.002831] futex hash table entries: 512 (order: 3, 32768 bytes, linear)
[    0.002841] 24304 pages in range for non-PLT usage
[    0.002841] 515824 pages in range for PLT usage
[    0.002861] pinctrl core: initialized pinctrl subsystem
[    0.002889] DMI not present or invalid.
[    0.003664] NET: Registered PF_NETLINK/PF_ROUTE protocol family
[    0.003796] DMA: preallocated 256 KiB GFP_KERNEL pool for atomic allocations
[    0.003829] DMA: preallocated 256 KiB GFP_KERNEL|GFP_DMA pool for atomic allocations
[    0.003865] DMA: preallocated 256 KiB GFP_KERNEL|GFP_DMA32 pool for atomic allocations
[    0.003872] audit: initializing netlink subsys (disabled)
[    0.003946] audit: type=2000 audit(0.000:1): state=initialized audit_enabled=0 res=1
[    0.003963] thermal_sys: Registered thermal governor 'step_wise'
[    0.003969] cpuidle: using governor ladder
[    0.003971] cpuidle: using governor menu
[    0.003980] hw-breakpoint: found 6 breakpoint and 4 watchpoint registers.
[    0.004023] ASID allocator initialised with 256 entries
[    0.004043] Serial: AMBA PL011 UART driver
[    0.004439] 9000000.pl011: ttyAMA0 at MMIO 0x9000000 (irq = 13, base_baud = 0) is a PL011 rev1
[    0.004452] printk: legacy console [ttyAMA0] enabled
[    0.040843] HugeTLB: registered 1.00 GiB page size, pre-allocated 0 pages
[    0.041170] HugeTLB: 0 KiB vmemmap can be freed for a 1.00 GiB page
[    0.041415] HugeTLB: registered 32.0 MiB page size, pre-allocated 0 pages
[    0.041680] HugeTLB: 0 KiB vmemmap can be freed for a 32.0 MiB page
[    0.041924] HugeTLB: registered 2.00 MiB page size, pre-allocated 0 pages
[    0.042187] HugeTLB: 0 KiB vmemmap can be freed for a 2.00 MiB page
[    0.042432] HugeTLB: registered 64.0 KiB page size, pre-allocated 0 pages
[    0.042757] HugeTLB: 0 KiB vmemmap can be freed for a 64.0 KiB page
[    0.043540] ACPI: Interpreter disabled.
[    0.043728] iommu: Default domain type: Translated
[    0.043917] iommu: DMA domain TLB invalidation policy: lazy mode
[    0.044577] clocksource: Switched to clocksource arch_sys_counter
[    0.044948] VFS: Disk quotas dquot_6.6.0
[    0.045126] VFS: Dquot-cache hash table entries: 512 (order 0, 4096 bytes)
[    0.045534] pnp: PnP ACPI: disabled
[    0.049651] NET: Registered PF_INET protocol family
[    0.049920] IP idents hash table entries: 32768 (order: 6, 262144 bytes, linear)
[    0.055358] tcp_listen_portaddr_hash hash table entries: 1024 (order: 2, 16384 bytes, linear)
[    0.055706] Table-perturb hash table entries: 65536 (order: 6, 262144 bytes, linear)
[    0.056011] TCP established hash table entries: 16384 (order: 5, 131072 bytes, linear)
[    0.056337] TCP bind hash table entries: 16384 (order: 7, 524288 bytes, linear)
[    0.056656] TCP: Hash tables configured (established 16384 bind 16384)
[    0.056938] MPTCP token hash table entries: 2048 (order: 4, 49152 bytes, linear)
[    0.057246] UDP hash table entries: 1024 (order: 3, 32768 bytes, linear)
[    0.057511] UDP-Lite hash table entries: 1024 (order: 3, 32768 bytes, linear)
[    0.057861] NET: Registered PF_UNIX/PF_LOCAL protocol family
[    0.058089] NET: Registered PF_XDP protocol family
[    0.058279] PCI: CLS 0 bytes, default 64
[    0.058504] Unpacking initramfs...
[    0.064731] kvm [1]: HYP mode not available
[    0.065071] Initialise system trusted keyrings
[    0.065453] workingset: timestamp_bits=44 max_order=19 bucket_order=0
[    0.073637] Key type asymmetric registered
[    0.073831] Asymmetric key parser 'x509' registered
[    0.074080] Block layer SCSI generic (bsg) driver version 0.4 loaded (major 249)
[    0.074548] io scheduler mq-deadline registered
[    0.074815] io scheduler kyber registered
[    0.074990] io scheduler bfq registered
[    0.075366] pci-host-generic 3f000000.pcie: host bridge /pcie@10000000 ranges:
[    0.075674] pci-host-generic 3f000000.pcie:       IO 0x003eff0000..0x003effffff -> 0x0000000000
[    0.076049] pci-host-generic 3f000000.pcie:      MEM 0x0010000000..0x003efeffff -> 0x0010000000
[    0.076514] pci-host-generic 3f000000.pcie: ECAM at [mem 0x3f000000-0x3fffffff] for [bus 00-0f]
[    0.076895] pci-host-generic 3f000000.pcie: PCI host bridge to bus 0000:00
[    0.077186] pci_bus 0000:00: root bus resource [bus 00-0f]
[    0.077414] pci_bus 0000:00: root bus resource [io  0x0000-0xffff]
[    0.077669] pci_bus 0000:00: root bus resource [mem 0x10000000-0x3efeffff]
[    0.077983] pci 0000:00:00.0: [1b36:0008] type 00 class 0x060000 conventional PCI endpoint
[    0.078444] pci 0000:00:01.0: [1af4:1000] type 00 class 0x020000 conventional PCI endpoint
[    0.078803] pci 0000:00:01.0: BAR 0 [io  0x0000-0x001f]
[    0.079027] pci 0000:00:01.0: BAR 1 [mem 0x00000000-0x00000fff]
[    0.079293] pci 0000:00:01.0: BAR 4 [mem 0x00000000-0x00003fff 64bit pref]
[    0.079583] pci 0000:00:01.0: ROM [mem 0x00000000-0x0003ffff pref]
[    0.079942] pci 0000:00:02.0: [1af4:1003] type 00 class 0x078000 conventional PCI endpoint
[    0.080308] pci 0000:00:02.0: BAR 0 [io  0x0000-0x003f]
[    0.080540] pci 0000:00:02.0: BAR 1 [mem 0x00000000-0x00000fff]
[    0.080805] pci 0000:00:02.0: BAR 4 [mem 0x00000000-0x00003fff 64bit pref]
[    0.081190] pci 0000:00:03.0: [1af4:1001] type 00 class 0x010000 conventional PCI endpoint
[    0.081548] pci 0000:00:03.0: BAR 0 [io  0x0000-0x007f]
[    0.081782] pci 0000:00:03.0: BAR 1 [mem 0x00000000-0x00000fff]
[    0.082047] pci 0000:00:03.0: BAR 4 [mem 0x00000000-0x00003fff 64bit pref]
[    0.082481] pci 0000:00:01.0: ROM [mem 0x10000000-0x1003ffff pref]: assigned
[    0.082775] pci 0000:00:01.0: BAR 4 [mem 0x10040000-0x10043fff 64bit pref]: assigned
[    0.083102] pci 0000:00:02.0: BAR 4 [mem 0x10044000-0x10047fff 64bit pref]: assigned
[    0.083448] pci 0000:00:03.0: BAR 4 [mem 0x10048000-0x1004bfff 64bit pref]: assigned
[    0.083795] pci 0000:00:01.0: BAR 1 [mem 0x1004c000-0x1004cfff]: assigned
[    0.084076] pci 0000:00:02.0: BAR 1 [mem 0x1004d000-0x1004dfff]: assigned
[    0.084358] pci 0000:00:03.0: BAR 1 [mem 0x1004e000-0x1004efff]: assigned
[    0.084670] pci 0000:00:03.0: BAR 0 [io  0x1000-0x107f]: assigned
[    0.084925] pci 0000:00:02.0: BAR 0 [io  0x1080-0x10bf]: assigned
[    0.085178] pci 0000:00:01.0: BAR 0 [io  0x10c0-0x10df]: assigned
[    0.085436] pci_bus 0000:00: resource 4 [io  0x0000-0xffff]
[    0.085672] pci_bus 0000:00: resource 5 [mem 0x10000000-0x3efeffff]
[    0.086140] virtio-pci 0000:00:01.0: enabling device (0000 -> 0003)
[    0.086799] virtio-pci 0000:00:02.0: enabling device (0000 -> 0003)
[    0.087430] virtio-pci 0000:00:03.0: enabling device (0000 -> 0003)
[    0.088179] Serial: 8250/16550 driver, 4 ports, IRQ sharing enabled
[    0.091441] hv_vmbus: registering driver hyperv_keyboard
[    0.091855] rtc-pl031 9010000.pl031: registered as rtc0
[    0.092113] rtc-pl031 9010000.pl031: setting system clock to 2026-08-11T16:20:27 UTC (1786465227)
[    0.092617] NET: Registered PF_INET6 protocol family
[    0.092962] Segment Routing with IPv6
[    0.093131] In-situ OAM (IOAM) with IPv6
[    0.094159] registered taskstats version 1
[    0.094486] Loading compiled-in X.509 certificates
[    0.097619] Freeing initrd memory: 4408K
[    0.100983] Loaded X.509 cert 'alpinelinux.org: Alpine Linux kernel key: 87fa969a47f3e2a6aa35859eb932a17c95abcd82'
[    0.102371] Demotion targets for Node 0: null
[    0.102685] Key type .fscrypt registered
[    0.102910] Key type fscrypt-provisioning registered
[    0.108158] clk: Disabling unused clocks
[    0.108423] PM: genpd: Disabling unused power domains
[    0.108835] Freeing unused kernel memory: 1920K
[    0.109069] Run /init as init process
GUNNCHOS_BOOT_STAGE=early
GUNNCHOS_IMAGE_REALM=DEV
GUNNCHOS_PRODUCTION_KEYS=false
GUNNCHOS_PHYSICAL_BOOT_CLAIMED=false
GUNNCHOS_FULL_PLATFORM_COMPLETE=false
GUNNCHOS_BOOT_STAGE=fs_mounted
GUNNCHOS_DRM_MODULES_KVER=6.12.81-0-virt
GUNNCHOS_VIRTIO_GPU=loaded
GUNNCHOS_DRM_CONNECTED=0
GUNNCHOS_NETWORKING=loopback_up
GUNNCHOS_AB_ACTIVE_SLOT=a
GUNNCHOS_SERVICE_START svc=hal ok=true
GUNNCHOS_SERVICE_START svc=input ok=true
GUNNCHOS_SERVICE_START svc=ring ok=true
GUNNCHOS_SERVICE_START svc=display ok=true
GUNNCHOS_SERVICE_START svc=dock ok=true
GUNNCHOS_SERVICE_START svc=continuity ok=true
GUNNCHOS_SERVICE_START svc=identity ok=true
GUNNCHOS_SERVICE_START svc=permissions ok=true
GUNNCHOS_SERVICE_START svc=sandbox ok=true
GUNNCHOS_SERVICE_START svc=connectivity ok=true
GUNNCHOS_SERVICE_START svc=ai_interface ok=true
GUNNCHOS_SERVICE_START svc=profile_manager ok=true
GUNNCHOS_SERVICE_START svc=a11y ok=true
GUNNCHOS_SERVICE_START svc=diagnostics ok=true
GUNNCHOS_SERVICE_START svc=updater ok=true
GUNNCHOS_SERVICE_START svc=recovery ok=true
GUNNCHOS_SERVICE_START svc=fleet_agent ok=true
GUNNCHOS_SERVICES_STARTED=17
GUNNCHOS_SERVICES_FAILED=0
GUNNCHOS_SERVICES_KIND=supervised_real
GUNNCHOS_SERVICES_HEALTH_OK=17
GUNNCHOS_IPC_TRANSPORT=mailbox_http_line
GUNNCHOS_IPC_CROSS_CALL=true
GUNNCHOS_IPC=ok
GUNNCHOS_IPC_PROBE=ok
GUNNCHOS_SERVICE_PERSISTENCE_OK=4
GUNNCHOS_HAL_QUERY=ok
GUNNCHOS_DISPLAY_QUERY=ok
GUNNCHOS_DOCK_SIM=ok
GUNNCHOS_CONNECTIVITY=ok
GUNNCHOS_AI_INTERFACE=ok
GUNNCHOS_UPDATE_STATE=ok
GUNNCHOS_FLEET_INVENTORY=ok
GUNNCHOS_APP_LAUNCH=ok
GUNNCHOS_CONT_VI_SEMANTICS=true
FULL_GUNNCHOS_PLATFORM_DIGITAL_COMPLETE=true
gunnchos-shell self-test ok realm=DEV
GUNNCHOS_SHELL=ok
GUNNCHOS_APP_RUNTIME=manifest_present
GUNNCHOS_APP_MANIFEST=ok
GUNNCHOS_GAME_MANIFEST=ok
GUNNCHOS_UPDATER_AB active=a slot_a=0.3.0-dev slot_b=0.2.9-dev signing=DEV_HMAC_STUB_ONLY
GUNNCHOS_RECOVERY_SELF_CHECK=ok
GUNNCHOS_RECOVERY_FACTORY_RESET_PATH=present
GUNNCHOS_PRODUCTIVITY_PROBE=start
GUNNCHOS_PRODUCTIVITY_LEDGER=ok
GUNNCHOS_PRODUCTIVITY_PROBE=ok
GUNNCHOS_SERVICE_RESTART=ok
GUNNCHOS_BOOTLOADER=linux_direct_kernel
GUNNCHOS_TARGET=qemu-system-aarch64
FULL_GUNNCHOS_PLATFORM_DIGITAL_COMPLETE=true
GUNNCHOS_BOOT_MARKER=OK
GUNNCHOS_BOOT_COMPLETE=true
GUNNCHOS_LAB_PERSIST=true
GUNNCHOS_GUEST_AGENT=started
GUNNCHOS_GUEST_AGENT_VIRTIO_PORT=absent_at_start
GUNNCHOS_GUEST_AGENT_VIRTIO_PORT=present
{"ok":true,"protocol":"gunnchos.guest_agent.v1","event":"started","boot_complete":true,"SILICON_EXACT_EMULATION":false,"production_keys":false,"transport":"virtio_serial","agent_path_label":"virtio-serial"}
GUNNCHOS_GUEST_AGENT_HEARTBEAT=1
GUNNCHOS_GUEST_AGENT_HEARTBEAT=2
GUNNCHOS_GUEST_AGENT_HEARTBEAT=3
GUNNCHOS_GUEST_AGENT_HEARTBEAT=4
GUNNCHOS_GUEST_AGENT_HEARTBEAT=5
GUNNCHOS_GUEST_AGENT_HEARTBEAT=6
GUNNCHOS_GUEST_AGENT_HEARTBEAT=7
GUNNCHOS_GUEST_AGENT_HEARTBEAT=8
GUNNCHOS_GUEST_AGENT_HEARTBEAT=9
GUNNCHOS_GUEST_AGENT_HEARTBEAT=10
GUNNCHOS_GUEST_AGENT_HEARTBEAT=11
GUNNCHOS_GUEST_AGENT_HEARTBEAT=12
GUNNCHOS_GUEST_AGENT_HEARTBEAT=13
GUNNCHOS_LAB_HEARTBEAT=2026-08-11T16:20:59Z
GUNNCHOS_GUEST_AGENT_HEARTBEAT=14
GUNNCHOS_GUEST_AGENT_HEARTBEAT=15
