Godot Engine v4.7.1.stable.official.a13da4feb - https://godotengine.org

\nSCRIPT ERROR: Parse Error: Could not find type "TitleScreen" in the current scope.
          at: GDScript::reload (res://scripts/Main.gd:14)
SCRIPT ERROR: Parse Error: Could not find type "CharacterSelect" in the current scope.
          at: GDScript::reload (res://scripts/Main.gd:15)
SCRIPT ERROR: Parse Error: Could not find type "StageSelect" in the current scope.
          at: GDScript::reload (res://scripts/Main.gd:16)
SCRIPT ERROR: Parse Error: Could not find type "VersusScreen" in the current scope.
          at: GDScript::reload (res://scripts/Main.gd:17)
SCRIPT ERROR: Parse Error: Could not find type "BattleScene" in the current scope.
          at: GDScript::reload (res://scripts/Main.gd:18)
SCRIPT ERROR: Parse Error: Could not find type "ImpactDummyDerby" in the current scope.
          at: GDScript::reload (res://scripts/Main.gd:19)
SCRIPT ERROR: Parse Error: Could not find type "CharacterSelect" in the current scope.
          at: GDScript::reload (res://scripts/Main.gd:54)
SCRIPT ERROR: Parse Error: Identifier "CharacterSelect" not declared in the current scope.
          at: GDScript::reload (res://scripts/Main.gd:54)
SCRIPT ERROR: Parse Error: Identifier "CharacterSelect" not declared in the current scope.
          at: GDScript::reload (res://scripts/Main.gd:49)
SCRIPT ERROR: Parse Error: Identifier "CharacterSelect" not declared in the current scope.
          at: GDScript::reload (res://scripts/Main.gd:52)
SCRIPT ERROR: Parse Error: Identifier "CharacterSelect" not declared in the current scope.
          at: GDScript::reload (res://scripts/Main.gd:60)
ERROR: Failed to load script "res://scripts/Main.gd" with error "Parse error".
   at: load (modules/gdscript/gdscript_resource_format.cpp:46)
SCRIPT ERROR: Parse Error: Could not find type "FighterInput" in the current scope.
          at: GDScript::reload (res://scripts/ui/CharacterSelect.gd:121)
SCRIPT ERROR: Parse Error: Could not find type "FighterInput" in the current scope.
          at: GDScript::reload (res://scripts/ui/CharacterSelect.gd:140)
SCRIPT ERROR: Parse Error: Identifier "FighterRoster" not declared in the current scope.
          at: GDScript::reload (res://scripts/ui/CharacterSelect.gd:18)
SCRIPT ERROR: Parse Error: Identifier "FighterInput" not declared in the current scope.
          at: GDScript::reload (res://scripts/ui/CharacterSelect.gd:52)
SCRIPT ERROR: Parse Error: Identifier "FighterInput" not declared in the current scope.
          at: GDScript::reload (res://scripts/ui/CharacterSelect.gd:55)
SCRIPT ERROR: Parse Error: Identifier "FighterInput" not declared in the current scope.
          at: GDScript::reload (res://scripts/ui/CharacterSelect.gd:74)
SCRIPT ERROR: Parse Error: Identifier "FighterInput" not declared in the current scope.
          at: GDScript::reload (res://scripts/ui/CharacterSelect.gd:77)
SCRIPT ERROR: Parse Error: Identifier "FighterRoster" not declared in the current scope.
          at: GDScript::reload (res://scripts/ui/CharacterSelect.gd:86)
SCRIPT ERROR: Parse Error: Cannot infer the type of "data" variable because the value doesn't have a set type.
          at: GDScript::reload (res://scripts/ui/CharacterSelect.gd:86)
SCRIPT ERROR: Parse Error: Identifier "FighterRoster" not declared in the current scope.
          at: GDScript::reload (res://scripts/ui/CharacterSelect.gd:93)
SCRIPT ERROR: Parse Error: Cannot infer the type of "data2" variable because the value doesn't have a set type.
          at: GDScript::reload (res://scripts/ui/CharacterSelect.gd:93)
SCRIPT ERROR: Parse Error: Identifier "FighterAssetContract" not declared in the current scope.
          at: GDScript::reload (res://scripts/ui/CharacterSelect.gd:108)
SCRIPT ERROR: Parse Error: Identifier "FighterAssetContract" not declared in the current scope.
          at: GDScript::reload (res://scripts/ui/CharacterSelect.gd:114)
SCRIPT ERROR: Parse Error: Identifier "FighterInput" not declared in the current scope.
          at: GDScript::reload (res://scripts/ui/CharacterSelect.gd:124)
SCRIPT ERROR: Parse Error: Identifier "FighterInput" not declared in the current scope.
          at: GDScript::reload (res://scripts/ui/CharacterSelect.gd:143)
ERROR: Failed to load script "res://scripts/ui/CharacterSelect.gd" with error "Parse error".
   at: load (modules/gdscript/gdscript_resource_format.cpp:46)
SCRIPT ERROR: Parse Error: Unexpected "Indent" in class body.
          at: GDScript::reload (res://scripts/ui/StageSelect.gd:6)
ERROR: Failed to load script "res://scripts/ui/StageSelect.gd" with error "Parse error".
   at: load (modules/gdscript/gdscript_resource_format.cpp:46)
SCRIPT ERROR: Parse Error: Identifier "FighterRoster" not declared in the current scope.
          at: GDScript::reload (res://scripts/ui/VersusScreen.gd:30)
SCRIPT ERROR: Parse Error: Cannot infer the type of "n1" variable because the value doesn't have a set type.
          at: GDScript::reload (res://scripts/ui/VersusScreen.gd:30)
SCRIPT ERROR: Parse Error: Identifier "FighterRoster" not declared in the current scope.
          at: GDScript::reload (res://scripts/ui/VersusScreen.gd:31)
SCRIPT ERROR: Parse Error: Cannot infer the type of "n2" variable because the value doesn't have a set type.
          at: GDScript::reload (res://scripts/ui/VersusScreen.gd:31)
ERROR: Failed to load script "res://scripts/ui/VersusScreen.gd" with error "Parse error".
   at: load (modules/gdscript/gdscript_resource_format.cpp:46)
SCRIPT ERROR: Parse Error: Could not find type "FighterController" in the current scope.
          at: GDScript::reload (res://scripts/BattleScene.gd:5)
SCRIPT ERROR: Parse Error: Could not find type "FighterController" in the current scope.
          at: GDScript::reload (res://scripts/BattleScene.gd:16)
SCRIPT ERROR: Parse Error: Could not find type "FighterController" in the current scope.
          at: GDScript::reload (res://scripts/BattleScene.gd:17)
SCRIPT ERROR: Parse Error: Could not find type "BlastZones" in the current scope.
          at: GDScript::reload (res://scripts/BattleScene.gd:18)
SCRIPT ERROR: Parse Error: Could not find type "HitResolver" in the current scope.
          at: GDScript::reload (res://scripts/BattleScene.gd:19)
SCRIPT ERROR: Parse Error: Could not find type "AuraMeter" in the current scope.
          at: GDScript::reload (res://scripts/BattleScene.gd:20)
SCRIPT ERROR: Parse Error: Could not find type "AuraMeter" in the current scope.
          at: GDScript::reload (res://scripts/BattleScene.gd:21)
SCRIPT ERROR: Parse Error: Could not find type "CameraImpactDirector" in the current scope.
          at: GDScript::reload (res://scripts/BattleScene.gd:22)
SCRIPT ERROR: Parse Error: Could not find type "BattleIntro" in the current scope.
          at: GDScript::reload (res://scripts/BattleScene.gd:23)
SCRIPT ERROR: Parse Error: Could not find type "BattleResults" in the current scope.
          at: GDScript::reload (res://scripts/BattleScene.gd:24)
SCRIPT ERROR: Parse Error: Could not find type "FighterController" in the current scope.
          at: GDScript::reload (res://scripts/BattleScene.gd:103)
SCRIPT ERROR: Parse Error: Could not find type "FighterInput" in the current scope.
          at: GDScript::reload (res://scripts/BattleScene.gd:137)
SCRIPT ERROR: Parse Error: Could not find type "FighterController" in the current scope.
          at: GDScript::reload (res://scripts/BattleScene.gd:137)
SCRIPT ERROR: Parse Error: Could not find type "FighterController" in the current scope.
          at: GDScript::reload (res://scripts/BattleScene.gd:153)
SCRIPT ERROR: Parse Error: Could not find type "CameraImpactDirector" in the current scope.
          at: GDScript::reload (res://scripts/BattleScene.gd:32)
SCRIPT ERROR: Parse Error: Could not find type "BattleIntro" in the current scope.
          at: GDScript::reload (res://scripts/BattleScene.gd:33)
SCRIPT ERROR: Parse Error: Could not find type "BattleResults" in the current scope.
          at: GDScript::reload (res://scripts/BattleScene.gd:34)
SCRIPT ERROR: Parse Error: Identifier "FighterInput" not declared in the current scope.
          at: GDScript::reload (res://scripts/BattleScene.gd:56)
SCRIPT ERROR: Parse Error: Identifier "FighterInput" not declared in the current scope.
          at: GDScript::reload (res://scripts/BattleScene.gd:57)
SCRIPT ERROR: Parse Error: Could not find type "CameraImpulse" in the current scope.
          at: GDScript::reload (res://scripts/BattleScene.gd:79)
SCRIPT ERROR: Parse Error: Cannot infer the type of "cam" variable because the value doesn't have a set type.
          at: GDScript::reload (res://scripts/BattleScene.gd:79)
SCRIPT ERROR: Parse Error: Could not find type "FighterController" in the current scope.
          at: GDScript::reload (res://scripts/BattleScene.gd:83)
SCRIPT ERROR: Parse Error: Could not find type "FighterController" in the current scope.
          at: GDScript::reload (res://scripts/BattleScene.gd:84)
SCRIPT ERROR: Parse Error: Cannot infer the type of "victim" variable because the value doesn't have a set type.
          at: GDScript::reload (res://scripts/BattleScene.gd:84)
SCRIPT ERROR: Parse Error: Could not find type "FighterController" in the current scope.
          at: GDScript::reload (res://scripts/BattleScene.gd:87)
SCRIPT ERROR: Parse Error: Could not find type "FighterController" in the current scope.
          at: GDScript::reload (res://scripts/BattleScene.gd:88)
SCRIPT ERROR: Parse Error: Cannot infer the type of "atk" variable because the value doesn't have a set type.
          at: GDScript::reload (res://scripts/BattleScene.gd:88)
SCRIPT ERROR: Parse Error: Identifier "FighterAppearance" not declared in the current scope.
          at: GDScript::reload (res://scripts/BattleScene.gd:89)
SCRIPT ERROR: Parse Error: Cannot infer the type of "style" variable because the value doesn't have a set type.
          at: GDScript::reload (res://scripts/BattleScene.gd:89)
SCRIPT ERROR: Parse Error: Identifier "FighterMoveChoreography" not declared in the current scope.
          at: GDScript::reload (res://scripts/BattleScene.gd:90)
SCRIPT ERROR: Parse Error: Cannot infer the type of "socket_name" variable because the value doesn't have a set type.
          at: GDScript::reload (res://scripts/BattleScene.gd:90)
SCRIPT ERROR: Parse Error: Identifier "AttackTrailFactory" not declared in the current scope.
          at: GDScript::reload (res://scripts/BattleScene.gd:92)
SCRIPT ERROR: Parse Error: Cannot infer the type of "winner_id" variable because the value doesn't have a set type.
          at: GDScript::reload (res://scripts/BattleScene.gd:109)
SCRIPT ERROR: Parse Error: Could not find type "PlatformFighterCamera" in the current scope.
          at: GDScript::reload (res://scripts/BattleScene.gd:128)
SCRIPT ERROR: Parse Error: Cannot infer the type of "cam" variable because the value doesn't have a set type.
          at: GDScript::reload (res://scripts/BattleScene.gd:128)
SCRIPT ERROR: Parse Error: Could not find type "FighterController" in the current scope.
          at: GDScript::reload (res://scripts/BattleScene.gd:138)
SCRIPT ERROR: Parse Error: Could not find type "FighterController" in the current scope.
          at: GDScript::reload (res://scripts/BattleScene.gd:142)
SCRIPT ERROR: Parse Error: Identifier "FighterController" not declared in the current scope.
          at: GDScript::reload (res://scripts/BattleScene.gd:144)
SCRIPT ERROR: Parse Error: Identifier "FighterStats" not declared in the current scope.
          at: GDScript::reload (res://scripts/BattleScene.gd:146)
SCRIPT ERROR: Parse Error: Could not find type "Hitbox" in the current scope.
          at: GDScript::reload (res://scripts/BattleScene.gd:157)
SCRIPT ERROR: Parse Error: Cannot infer the type of "hitbox" variable because the value doesn't have a set type.
          at: GDScript::reload (res://scripts/BattleScene.gd:157)
ERROR: Failed to load script "res://scripts/BattleScene.gd" with error "Parse error".
   at: load (modules/gdscript/gdscript_resource_format.cpp:46)
SCRIPT ERROR: Parse Error: Identifier "StageArtFactory" not declared in the current scope.
          at: GDScript::reload (res://scripts/stage/SkylineArena.gd:8)
SCRIPT ERROR: Parse Error: Identifier "StageArtFactory" not declared in the current scope.
          at: GDScript::reload (res://scripts/stage/SkylineArena.gd:11)
SCRIPT ERROR: Parse Error: Identifier "StageArtFactory" not declared in the current scope.
          at: GDScript::reload (res://scripts/stage/SkylineArena.gd:15)
ERROR: Failed to load script "res://scripts/stage/SkylineArena.gd" with error "Parse error".
   at: load (modules/gdscript/gdscript_resource_format.cpp:46)
SCRIPT ERROR: Parse Error: Could not find type "CombatEvents" in the current scope.
          at: GDScript::reload (res://scripts/combat/HitResolver.gd:8)
SCRIPT ERROR: Parse Error: Could not find type "Hitbox" in the current scope.
          at: GDScript::reload (res://scripts/combat/HitResolver.gd:16)
SCRIPT ERROR: Parse Error: Could not find type "Hitbox" in the current scope.
          at: GDScript::reload (res://scripts/combat/HitResolver.gd:20)
SCRIPT ERROR: Parse Error: Could not find type "Hurtbox" in the current scope.
          at: GDScript::reload (res://scripts/combat/HitResolver.gd:20)
SCRIPT ERROR: Parse Error: Identifier "CombatEvents" not declared in the current scope.
          at: GDScript::reload (res://scripts/combat/HitResolver.gd:13)
SCRIPT ERROR: Parse Error: Cannot infer the type of "attacker" variable because the value doesn't have a set type.
          at: GDScript::reload (res://scripts/combat/HitResolver.gd:24)
SCRIPT ERROR: Parse Error: Cannot infer the type of "defender" variable because the value doesn't have a set type.
          at: GDScript::reload (res://scripts/combat/HitResolver.gd:25)
SCRIPT ERROR: Parse Error: Could not find type "FighterStats" in the current scope.
          at: GDScript::reload (res://scripts/combat/HitResolver.gd:32)
SCRIPT ERROR: Parse Error: Could not find type "FighterStats" in the current scope.
          at: GDScript::reload (res://scripts/combat/HitResolver.gd:33)
SCRIPT ERROR: Parse Error: Identifier "Knockback" not declared in the current scope.
          at: GDScript::reload (res://scripts/combat/HitResolver.gd:35)
SCRIPT ERROR: Parse Error: Cannot infer the type of "launch_velocity" variable because the value doesn't have a set type.
          at: GDScript::reload (res://scripts/combat/HitResolver.gd:35)
SCRIPT ERROR: Parse Error: Identifier "Knockback" not declared in the current scope.
          at: GDScript::reload (res://scripts/combat/HitResolver.gd:43)
SCRIPT ERROR: Parse Error: Cannot infer the type of "stun_seconds" variable because the value doesn't have a set type.
          at: GDScript::reload (res://scripts/combat/HitResolver.gd:43)
ERROR: Failed to load script "res://scripts/combat/HitResolver.gd" with error "Parse error".
   at: load (modules/gdscript/gdscript_resource_format.cpp:46)
SCRIPT ERROR: Parse Error: Could not find type "CameraBounds" in the current scope.
          at: GDScript::reload (res://scripts/camera/PlatformFighterCamera.gd:12)
SCRIPT ERROR: Parse Error: Could not find type "CameraImpulse" in the current scope.
          at: GDScript::reload (res://scripts/camera/PlatformFighterCamera.gd:17)
SCRIPT ERROR: Parse Error: Identifier "CameraImpulse" not declared in the current scope.
          at: GDScript::reload (res://scripts/camera/PlatformFighterCamera.gd:24)
ERROR: Failed to load script "res://scripts/camera/PlatformFighterCamera.gd" with error "Parse error".
   at: load (modules/gdscript/gdscript_resource_format.cpp:46)
SCRIPT ERROR: Parse Error: Could not find type "AuraCharge" in the current scope.
          at: GDScript::reload (res://scripts/ui/AuraMeter.gd:11)
SCRIPT ERROR: Parse Error: Could not find type "AuraCharge" in the current scope.
          at: GDScript::reload (res://scripts/ui/AuraMeter.gd:24)
ERROR: Failed to load script "res://scripts/ui/AuraMeter.gd" with error "Parse error".
   at: load (modules/gdscript/gdscript_resource_format.cpp:46)
SCRIPT ERROR: Parse Error: Could not find type "PlatformFighterCamera" in the current scope.
          at: GDScript::reload (res://scripts/camera/CameraImpactDirector.gd:7)
SCRIPT ERROR: Parse Error: Could not find type "CameraImpulse" in the current scope.
          at: GDScript::reload (res://scripts/camera/CameraImpactDirector.gd:8)
SCRIPT ERROR: Parse Error: Could not find type "PlatformFighterCamera" in the current scope.
          at: GDScript::reload (res://scripts/camera/CameraImpactDirector.gd:11)
SCRIPT ERROR: Parse Error: Could not find type "CameraImpulse" in the current scope.
          at: GDScript::reload (res://scripts/camera/CameraImpactDirector.gd:12)
ERROR: Failed to load script "res://scripts/camera/CameraImpactDirector.gd" with error "Parse error".
   at: load (modules/gdscript/gdscript_resource_format.cpp:46)
SCRIPT ERROR: Parse Error: Could not find type "FighterController" in the current scope.
          at: GDScript::reload (res://scripts/ui/BattleResults.gd:12)
SCRIPT ERROR: Parse Error: Could not find type "FighterController" in the current scope.
          at: GDScript::reload (res://scripts/ui/BattleResults.gd:12)
SCRIPT ERROR: Parse Error: Identifier "FighterRoster" not declared in the current scope.
          at: GDScript::reload (res://scripts/ui/BattleResults.gd:34)
SCRIPT ERROR: Parse Error: Cannot infer the type of "data" variable because the value doesn't have a set type.
          at: GDScript::reload (res://scripts/ui/BattleResults.gd:34)
ERROR: Failed to load script "res://scripts/ui/BattleResults.gd" with error "Parse error".
   at: load (modules/gdscript/gdscript_resource_format.cpp:46)
SCRIPT ERROR: Parse Error: Could not find type "ImpactDummy" in the current scope.
          at: GDScript::reload (res://scripts/modes/ImpactDummyDerby.gd:15)
ERROR: Failed to load script "res://scripts/modes/ImpactDummyDerby.gd" with error "Parse error".
   at: load (modules/gdscript/gdscript_resource_format.cpp:46)
SCRIPT ERROR: Parse Error: Could not find type "BlastZones" in the current scope.
          at: GDScript::reload (res://scripts/modes/ImpactDummy.gd:11)
SCRIPT ERROR: Parse Error: Identifier "FighterController" not declared in the current scope.
          at: GDScript::reload (res://scripts/modes/ImpactDummy.gd:18)
ERROR: Failed to load script "res://scripts/modes/ImpactDummy.gd" with error "Parse error".
   at: load (modules/gdscript/gdscript_resource_format.cpp:46)
SCRIPT ERROR: Parse Error: Could not find type "FighterStats" in the current scope.
          at: GDScript::reload (res://scripts/fighter/FighterController.gd:18)
SCRIPT ERROR: Parse Error: Could not find type "FighterInput" in the current scope.
          at: GDScript::reload (res://scripts/fighter/FighterController.gd:19)
SCRIPT ERROR: Parse Error: Identifier "FighterInput" not declared in the current scope.
          at: GDScript::reload (res://scripts/fighter/FighterController.gd:19)
SCRIPT ERROR: Parse Error: Could not find type "FighterInput" in the current scope.
          at: GDScript::reload (res://scripts/fighter/FighterController.gd:25)
SCRIPT ERROR: Parse Error: Could not find type "FighterStateMachine" in the current scope.
          at: GDScript::reload (res://scripts/fighter/FighterController.gd:26)
SCRIPT ERROR: Parse Error: Could not find type "AuraCharge" in the current scope.
          at: GDScript::reload (res://scripts/fighter/FighterController.gd:27)
SCRIPT ERROR: Parse Error: Could not find type "Hitbox" in the current scope.
          at: GDScript::reload (res://scripts/fighter/FighterController.gd:38)
SCRIPT ERROR: Parse Error: Could not find type "Hurtbox" in the current scope.
          at: GDScript::reload (res://scripts/fighter/FighterController.gd:39)
SCRIPT ERROR: Parse Error: Could not find type "FighterAnimationDriver" in the current scope.
          at: GDScript::reload (res://scripts/fighter/FighterController.gd:40)
SCRIPT ERROR: Parse Error: Could not find type "ProductionFighterRig" in the current scope.
          at: GDScript::reload (res://scripts/fighter/FighterController.gd:41)
SCRIPT ERROR: Parse Error: Identifier "FighterStats" not declared in the current scope.
          at: GDScript::reload (res://scripts/fighter/FighterController.gd:45)
SCRIPT ERROR: Parse Error: Identifier "FighterInput" not declared in the current scope.
          at: GDScript::reload (res://scripts/fighter/FighterController.gd:49)
SCRIPT ERROR: Parse Error: Identifier "FighterStateMachine" not declared in the current scope.
          at: GDScript::reload (res://scripts/fighter/FighterController.gd:55)
SCRIPT ERROR: Parse Error: Identifier "AuraCharge" not declared in the current scope.
          at: GDScript::reload (res://scripts/fighter/FighterController.gd:60)
SCRIPT ERROR: Parse Error: Could not find type "Hitbox" in the current scope.
          at: GDScript::reload (res://scripts/fighter/FighterController.gd:63)
SCRIPT ERROR: Parse Error: Could not find type "Hurtbox" in the current scope.
          at: GDScript::reload (res://scripts/fighter/FighterController.gd:64)
SCRIPT ERROR: Parse Error: Identifier "FighterInput" not declared in the current scope.
          at: GDScript::reload (res://scripts/fighter/FighterController.gd:67)
SCRIPT ERROR: Parse Error: Could not find type "FighterAnimationDriver" in the current scope.
          at: GDScript::reload (res://scripts/fighter/FighterController.gd:73)
SCRIPT ERROR: Parse Error: Could not find type "ProductionFighterRig" in the current scope.
          at: GDScript::reload (res://scripts/fighter/FighterController.gd:74)
SCRIPT ERROR: Parse Error: Identifier "FighterStateMachine" not declared in the current scope.
          at: GDScript::reload (res://scripts/fighter/FighterController.gd:84)
SCRIPT ERROR: Parse Error: Identifier "FighterStateMachine" not declared in the current scope.
          at: GDScript::reload (res://scripts/fighter/FighterController.gd:86)
SCRIPT ERROR: Parse Error: Identifier "FighterStateMachine" not declared in the current scope.
          at: GDScript::reload (res://scripts/fighter/FighterController.gd:87)
SCRIPT ERROR: Parse Error: Identifier "FighterMoveChoreography" not declared in the current scope.
          at: GDScript::reload (res://scripts/fighter/FighterController.gd:105)
SCRIPT ERROR: Parse Error: Cannot infer the type of "socket_name" variable because the value doesn't have a set type.
          at: GDScript::reload (res://scripts/fighter/FighterController.gd:105)
SCRIPT ERROR: Parse Error: Cannot infer the type of "move_axis" variable because the value doesn't have a set type.
          at: GDScript::reload (res://scripts/fighter/FighterController.gd:126)
SCRIPT ERROR: Parse Error: Identifier "FighterStateMachine" not declared in the current scope.
          at: GDScript::reload (res://scripts/fighter/FighterController.gd:145)
SCRIPT ERROR: Parse Error: Identifier "FighterStateMachine" not declared in the current scope.
          at: GDScript::reload (res://scripts/fighter/FighterController.gd:148)
SCRIPT ERROR: Parse Error: Cannot infer the type of "run_mod" variable because the value doesn't have a set type.
          at: GDScript::reload (res://scripts/fighter/FighterController.gd:154)
SCRIPT ERROR: Parse Error: Cannot infer the type of "dash_mod" variable because the value doesn't have a set type.
          at: GDScript::reload (res://scripts/fighter/FighterController.gd:155)
SCRIPT ERROR: Parse Error: Cannot infer the type of "air_mod" variable because the value doesn't have a set type.
          at: GDScript::reload (res://scripts/fighter/FighterController.gd:156)
SCRIPT ERROR: Parse Error: Identifier "FighterStateMachine" not declared in the current scope.
          at: GDScript::reload (res://scripts/fighter/FighterController.gd:162)
SCRIPT ERROR: Parse Error: Identifier "FighterStateMachine" not declared in the current scope.
          at: GDScript::reload (res://scripts/fighter/FighterController.gd:169)
SCRIPT ERROR: Parse Error: Identifier "FighterStateMachine" not declared in the current scope.
          at: GDScript::reload (res://scripts/fighter/FighterController.gd:171)
SCRIPT ERROR: Parse Error: Identifier "FighterStateMachine" not declared in the current scope.
          at: GDScript::reload (res://scripts/fighter/FighterController.gd:173)
SCRIPT ERROR: Parse Error: Cannot infer the type of "jump_mod" variable because the value doesn't have a set type.
          at: GDScript::reload (res://scripts/fighter/FighterController.gd:181)
SCRIPT ERROR: Parse Error: Identifier "FighterStateMachine" not declared in the current scope.
          at: GDScript::reload (res://scripts/fighter/FighterController.gd:186)
SCRIPT ERROR: Parse Error: Identifier "FighterStateMachine" not declared in the current scope.
          at: GDScript::reload (res://scripts/fighter/FighterController.gd:193)
SCRIPT ERROR: Parse Error: Identifier "FighterStateMachine" not declared in the current scope.
          at: GDScript::reload (res://scripts/fighter/FighterController.gd:201)
SCRIPT ERROR: Parse Error: Identifier "FighterStateMachine" not declared in the current scope.
          at: GDScript::reload (res://scripts/fighter/FighterController.gd:202)
SCRIPT ERROR: Parse Error: Identifier "FighterStateMachine" not declared in the current scope.
          at: GDScript::reload (res://scripts/fighter/FighterController.gd:203)
SCRIPT ERROR: Parse Error: Identifier "FighterStateMachine" not declared in the current scope.
          at: GDScript::reload (res://scripts/fighter/FighterController.gd:208)
SCRIPT ERROR: Parse Error: Identifier "FighterStateMachine" not declared in the current scope.
          at: GDScript::reload (res://scripts/fighter/FighterController.gd:209)
SCRIPT ERROR: Parse Error: Identifier "FighterStateMachine" not declared in the current scope.
          at: GDScript::reload (res://scripts/fighter/FighterController.gd:210)
SCRIPT ERROR: Parse Error: Identifier "FighterStateMachine" not declared in the current scope.
          at: GDScript::reload (res://scripts/fighter/FighterController.gd:211)
SCRIPT ERROR: Parse Error: Identifier "FighterStateMachine" not declared in the current scope.
          at: GDScript::reload (res://scripts/fighter/FighterController.gd:213)
SCRIPT ERROR: Parse Error: Identifier "FighterStateMachine" not declared in the current scope.
          at: GDScript::reload (res://scripts/fighter/FighterController.gd:216)
SCRIPT ERROR: Parse Error: Identifier "FighterStateMachine" not declared in the current scope.
          at: GDScript::reload (res://scripts/fighter/FighterController.gd:216)
SCRIPT ERROR: Parse Error: Identifier "FighterStateMachine" not declared in the current scope.
          at: GDScript::reload (res://scripts/fighter/FighterController.gd:216)
SCRIPT ERROR: Parse Error: Identifier "FighterStateMachine" not declared in the current scope.
          at: GDScript::reload (res://scripts/fighter/FighterController.gd:218)
SCRIPT ERROR: Parse Error: Identifier "FighterStateMachine" not declared in the current scope.
          at: GDScript::reload (res://scripts/fighter/FighterController.gd:218)
SCRIPT ERROR: Parse Error: Identifier "FighterStateMachine" not declared in the current scope.
          at: GDScript::reload (res://scripts/fighter/FighterController.gd:218)
SCRIPT ERROR: Parse Error: Identifier "FighterStateMachine" not declared in the current scope.
          at: GDScript::reload (res://scripts/fighter/FighterController.gd:220)
SCRIPT ERROR: Parse Error: Identifier "FighterStateMachine" not declared in the current scope.
          at: GDScript::reload (res://scripts/fighter/FighterController.gd:224)
SCRIPT ERROR: Parse Error: Identifier "FighterStateMachine" not declared in the current scope.
          at: GDScript::reload (res://scripts/fighter/FighterController.gd:224)
SCRIPT ERROR: Parse Error: Identifier "FighterStateMachine" not declared in the current scope.
          at: GDScript::reload (res://scripts/fighter/FighterController.gd:225)
SCRIPT ERROR: Parse Error: Identifier "FighterStateMachine" not declared in the current scope.
          at: GDScript::reload (res://scripts/fighter/FighterController.gd:229)
SCRIPT ERROR: Parse Error: Identifier "FighterStateMachine" not declared in the current scope.
          at: GDScript::reload (res://scripts/fighter/FighterController.gd:231)
SCRIPT ERROR: Parse Error: Identifier "FighterStateMachine" not declared in the current scope.
          at: GDScript::reload (res://scripts/fighter/FighterController.gd:233)
SCRIPT ERROR: Parse Error: Identifier "FighterStateMachine" not declared in the current scope.
          at: GDScript::reload (res://scripts/fighter/FighterController.gd:237)
SCRIPT ERROR: Parse Error: Identifier "FighterStateMachine" not declared in the current scope.
          at: GDScript::reload (res://scripts/fighter/FighterController.gd:238)
SCRIPT ERROR: Parse Error: Identifier "FighterStateMachine" not declared in the current scope.
          at: GDScript::reload (res://scripts/fighter/FighterController.gd:239)
SCRIPT ERROR: Parse Error: Identifier "FighterStateMachine" not declared in the current scope.
          at: GDScript::reload (res://scripts/fighter/FighterController.gd:240)
SCRIPT ERROR: Parse Error: Identifier "FighterStateMachine" not declared in the current scope.
          at: GDScript::reload (res://scripts/fighter/FighterController.gd:241)
SCRIPT ERROR: Parse Error: Identifier "FighterStateMachine" not declared in the current scope.
          at: GDScript::reload (res://scripts/fighter/FighterController.gd:242)
SCRIPT ERROR: Parse Error: Identifier "FighterStateMachine" not declared in the current scope.
          at: GDScript::reload (res://scripts/fighter/FighterController.gd:243)
SCRIPT ERROR: Parse Error: Identifier "MoveDefinition" not declared in the current scope.
          at: GDScript::reload (res://scripts/fighter/FighterController.gd:250)
SCRIPT ERROR: Parse Error: Identifier "MoveDefinition" not declared in the current scope.
          at: GDScript::reload (res://scripts/fighter/FighterController.gd:250)
SCRIPT ERROR: Parse Error: Cannot infer the type of "move_data" variable because the value doesn't have a set type.
          at: GDScript::reload (res://scripts/fighter/FighterController.gd:250)
SCRIPT ERROR: Parse Error: Identifier "FighterStateMachine" not declared in the current scope.
          at: GDScript::reload (res://scripts/fighter/FighterController.gd:252)
SCRIPT ERROR: Parse Error: Identifier "MoveDefinition" not declared in the current scope.
          at: GDScript::reload (res://scripts/fighter/FighterController.gd:256)
SCRIPT ERROR: Parse Error: Identifier "MoveDefinition" not declared in the current scope.
          at: GDScript::reload (res://scripts/fighter/FighterController.gd:256)
SCRIPT ERROR: Parse Error: Cannot infer the type of "move_data" variable because the value doesn't have a set type.
          at: GDScript::reload (res://scripts/fighter/FighterController.gd:256)
SCRIPT ERROR: Parse Error: Identifier "FighterStateMachine" not declared in the current scope.
          at: GDScript::reload (res://scripts/fighter/FighterController.gd:258)
SCRIPT ERROR: Parse Error: Identifier "FighterStateMachine" not declared in the current scope.
          at: GDScript::reload (res://scripts/fighter/FighterController.gd:263)
SCRIPT ERROR: Parse Error: Identifier "MoveDefinition" not declared in the current scope.
          at: GDScript::reload (res://scripts/fighter/FighterController.gd:268)
SCRIPT ERROR: Parse Error: Identifier "MoveDefinition" not declared in the current scope.
          at: GDScript::reload (res://scripts/fighter/FighterController.gd:268)
SCRIPT ERROR: Parse Error: Cannot infer the type of "move_data" variable because the value doesn't have a set type.
          at: GDScript::reload (res://scripts/fighter/FighterController.gd:268)
SCRIPT ERROR: Parse Error: Identifier "FighterStateMachine" not declared in the current scope.
          at: GDScript::reload (res://scripts/fighter/FighterController.gd:273)
SCRIPT ERROR: Parse Error: Identifier "FighterStateMachine" not declared in the current scope.
          at: GDScript::reload (res://scripts/fighter/FighterController.gd:275)
SCRIPT ERROR: Parse Error: Identifier "FighterStateMachine" not declared in the current scope.
          at: GDScript::reload (res://scripts/fighter/FighterController.gd:279)
SCRIPT ERROR: Parse Error: Identifier "FighterStateMachine" not declared in the current scope.
          at: GDScript::reload (res://scripts/fighter/FighterController.gd:285)
SCRIPT ERROR: Parse Error: Identifier "MoveDefinition" not declared in the current scope.
          at: GDScript::reload (res://scripts/fighter/FighterController.gd:288)
SCRIPT ERROR: Parse Error: Identifier "MoveDefinition" not declared in the current scope.
          at: GDScript::reload (res://scripts/fighter/FighterController.gd:288)
SCRIPT ERROR: Parse Error: Cannot infer the type of "move_data" variable because the value doesn't have a set type.
          at: GDScript::reload (res://scripts/fighter/FighterController.gd:288)
SCRIPT ERROR: Parse Error: Identifier "FighterStateMachine" not declared in the current scope.
          at: GDScript::reload (res://scripts/fighter/FighterController.gd:293)
SCRIPT ERROR: Parse Error: Identifier "FighterStateMachine" not declared in the current scope.
          at: GDScript::reload (res://scripts/fighter/FighterController.gd:295)
SCRIPT ERROR: Parse Error: Identifier "FighterStateMachine" not declared in the current scope.
          at: GDScript::reload (res://scripts/fighter/FighterController.gd:297)
SCRIPT ERROR: Parse Error: Identifier "FighterStateMachine" not declared in the current scope.
          at: GDScript::reload (res://scripts/fighter/FighterController.gd:299)
ERROR: Failed to load script "res://scripts/fighter/FighterController.gd" with error "Parse error".
   at: load (modules/gdscript/gdscript_resource_format.cpp:46)
SCRIPT ERROR: Parse Error: Could not find type "FighterAnimationLibrary" in the current scope.
          at: GDScript::reload (res://scripts/fighter/FighterAnimationDriver.gd:9)
SCRIPT ERROR: Parse Error: Could not find type "FighterStateMachine" in the current scope.
          at: GDScript::reload (res://scripts/fighter/FighterAnimationDriver.gd:13)
SCRIPT ERROR: Parse Error: Identifier "FighterAnimationLibrary" not declared in the current scope.
          at: GDScript::reload (res://scripts/fighter/FighterAnimationDriver.gd:24)
SCRIPT ERROR: Parse Error: Identifier "FighterAnimationState" not declared in the current scope.
          at: GDScript::reload (res://scripts/fighter/FighterAnimationDriver.gd:30)
SCRIPT ERROR: Parse Error: Cannot infer the type of "next_animation" variable because the value doesn't have a set type.
          at: GDScript::reload (res://scripts/fighter/FighterAnimationDriver.gd:30)
SCRIPT ERROR: Parse Error: Cannot infer the type of "pose" variable because the value doesn't have a set type.
          at: GDScript::reload (res://scripts/fighter/FighterAnimationDriver.gd:43)
ERROR: Failed to load script "res://scripts/fighter/FighterAnimationDriver.gd" with error "Parse error".
   at: load (modules/gdscript/gdscript_resource_format.cpp:46)
SCRIPT ERROR: Parse Error: Identifier "ProductionFighterFactory" not declared in the current scope.
          at: GDScript::reload (res://scripts/fighter/ProductionFighterRig.gd:25)
SCRIPT ERROR: Parse Error: Identifier "ProductionFighterFactory" not declared in the current scope.
          at: GDScript::reload (res://scripts/fighter/ProductionFighterRig.gd:34)
SCRIPT ERROR: Parse Error: Identifier "FighterAppearance" not declared in the current scope.
          at: GDScript::reload (res://scripts/fighter/ProductionFighterRig.gd:106)
SCRIPT ERROR: Parse Error: Identifier "HitSparkFactory" not declared in the current scope.
          at: GDScript::reload (res://scripts/fighter/ProductionFighterRig.gd:106)
ERROR: Failed to load script "res://scripts/fighter/ProductionFighterRig.gd" with error "Parse error".
   at: load (modules/gdscript/gdscript_resource_format.cpp:46)
SCRIPT ERROR: Parse Error: Could not find type "Hurtbox" in the current scope.
          at: GDScript::reload (res://scripts/combat/Hitbox.gd:4)
SCRIPT ERROR: Parse Error: Could not find type "MoveDefinition" in the current scope.
          at: GDScript::reload (res://scripts/combat/Hitbox.gd:7)
SCRIPT ERROR: Parse Error: Identifier "MoveDefinition" not declared in the current scope.
          at: GDScript::reload (res://scripts/combat/Hitbox.gd:7)
SCRIPT ERROR: Parse Error: Could not find type "Hurtbox" in the current scope.
          at: GDScript::reload (res://scripts/combat/Hitbox.gd:37)
SCRIPT ERROR: Parse Error: Cannot infer the type of "hurtbox" variable because the value doesn't have a set type.
          at: GDScript::reload (res://scripts/combat/Hitbox.gd:37)
ERROR: Failed to load script "res://scripts/combat/Hitbox.gd" with error "Parse error".
   at: load (modules/gdscript/gdscript_resource_format.cpp:46)
ERROR: Script inherits from native type 'Resource', so it can't be assigned to an object of type 'Node'.
   at: instance_create (modules/gdscript/gdscript.cpp:419)
