{
  "firewall_ok": true,
  "violations": [],
  "scorecard_ok": true,
  "earned_tokens": [
    "GUNNCHOS_ADOPTER_SDK_DIGITAL_PASS",
    "GUNNCHOS_API_ABI_POLICY_DIGITAL_PASS",
    "GUNNCHOS_AUDIENCE_DOCS_DIGITAL_PASS",
    "GUNNCHOS_DEVICE_MGMT_DIGITAL_PASS",
    "GUNNCHOS_DOCK_DAILY_WORKFLOW_DIGITAL_PASS",
    "GUNNCHOS_FACTORY_STATION_DIGITAL_PASS",
    "GUNNCHOS_MEDIA_BASELINE_DIGITAL_PASS",
    "GUNNCHOS_OFFICE_E2E_DIGITAL_PASS",
    "GUNNCHOS_OFFICE_FILE_COMPAT_DIGITAL_PASS",
    "GUNNCHOS_PERF_MODELS_DIGITAL_PASS",
    "GUNNCHOS_PRODUCTIVITY_STACK_DIGITAL_PASS",
    "GUNNCHOS_RECREATION_REPROVE_DIGITAL_PASS",
    "GUNNCHOS_REPRODUCIBILITY_DIGITAL_PASS",
    "GUNNCHOS_SEC_A11Y_OFFLINE_NET_DIGITAL_PASS",
    "GUNNCHOS_STUDENT_E2E_DIGITAL_PASS"
  ],
  "missing_lanes": [],
  "physical_execution_freeze": true
}
