Cycle B start 20260910T030844Z (full QEMU reboot)
RING_ONLY worker_pid=70725 wall_clock=1200s
RING_ONLY boot
RING_ONLY hot_patch skipped file_get present
RING_ONLY weston {'ok': True, 'protocol': 'gunnchos.guest_agent.v1', 'cmd': 'process_run', 'transport': 'virtio_serial', 'agent_path_label': 'virtio-serial', 'SILICON_EXACT_EMULATION': False, 'production_keys': False, 'measurement_class': 'GUEST_OBSERVED', 'argv': ['bash', '-lc', "printf '%s' 'W2NvcmVdCmJhY2tlbmQ9ZHJtLWJhY2tlbmQuc28Kc2hlbGw9ZGVza3RvcC1zaGVsbC5zbwojIFN1cGVyIChub3QgQ3RybCkgc28gQ3RybCtTIHJlYWNoZXMgYXBwcyAobW91c2VwYWQvTGlicmVPZmZpY2Ugc2F2ZSkgd2hpbGUKIyB3ZXN0b24gZGVza3RvcC1zaGVsbCBNb2QrcyBzdGlsbCBvd25zIHRoZSBjb21wb3NpdG9yIHNjcmVlbnNob290ZXIuCm1vZGlmaWVyPXN1cGVyCmlkbGUtdGltZT0wCgpbc2hlbGxdCnBhbmVsLXBvc2l0aW9uPXRvcApsb2NraW5nPWZhbHNlCmJhY2tncm91bmQtY29sb3I9MHhmZjIyNDQ4OAoKW3NjcmVlbnNhdmVyXQpwYXRoPQpkdXJhdGlvbj0wCgojIFNpbmdsZSB2aXJ0aW8tZ3B1IG1heF9vdXRwdXRzPTIgZXhwb3NlcyBWaXJ0dWFsLTEgKyBWaXJ0dWFsLTIgb24gb25lIERSTSBjYXJkLgojIER1YWwgUENJIEdQVXMgbWFrZSB3ZXN0b24gYmluZCBvbmx5IGNhcmQwIChvbmUgd2xfb3V0cHV0KSDigJQgZG8gbm90IHVzZSB0aGF0IHBhdGguCltvdXRwdXRdCm5hbWU9VmlydHVhbC0xCm1vZGU9MTI4MHg4MDAKcG9zaXRpb249MCwwCgpbb3V0cHV0XQpuYW1lPVZpcnR1YWwtMgptb2RlPTEyODB4ODAwCnBvc2l0aW9uPTEyODAsMAo=' | base64 -d > /etc/xdg/weston/weston.ini; cp /etc/xdg/weston/weston.ini /etc/gunnchos-weston/weston.ini; systemctl restart gunnchos-weston.service || true; sleep 5; pgrep -x weston && echo weston_ok"], 'returncode': 0, 'stdout': '440\nweston_ok\n', 'stderr': ''}
RING_ONLY baseline_ping {'ping_ok': True, 'transport': 'virtio_serial', 'error': None, 'error_class': None, 't_utc': '2026-09-10T03:09:22Z'}
RING_ONLY attempt deadline=1200s
RING_ONLY result True Ring→SpatialInput→guest HID mutated LibreOffice+RingMemo+Pedestrian (input-driven, no lab collector / no migration-alone); guest artifacts committed
{
  "schema": "gunnchos.device_lab.current_pin.ring_reearn.v1",
  "started_at_utc": "2026-09-10T03:08:44Z",
  "RING_TO_REAL_APP_STATE_MUTATION_PASS": true,
  "worker_pid": 70725,
  "pin_manifest_sha256": "40f7c8c3d7c77b1af06f4778f7d1ffd50735cb54b30ba9acb3dcbc5b824f5575",
  "boot": {
    "ok": true
  },
  "qemu_pid": null,
  "guest_agent_sock": "/tmp/gdli-70725-5f461/ga.sock",
  "pre_mutation_baseline": {
    "ping_ok": true,
    "transport": "virtio_serial",
    "error": null,
    "error_class": null,
    "t_utc": "2026-09-10T03:09:22Z"
  },
  "ring": {
    "RING_TO_REAL_APP_STATE_MUTATION_PASS": true,
    "note": "Ring\u2192SpatialInput\u2192guest HID mutated LibreOffice+RingMemo+Pedestrian (input-driven, no lab collector / no migration-alone); guest artifacts committed",
    "mutation_marker": "RINGMUTATION1789009762",
    "correlation_id": "ring-1789009762-70725"
  },
  "correlation_id": "ring-1789009762-70725",
  "elapsed_sec": 184.1,
  "finished_at_utc": "2026-09-10T03:11:48Z"
}
{
  "schema": "gunnchos.device_lab.current_pin.ring_reearn.v1",
  "started_at_utc": "2026-09-10T03:08:44Z",
  "RING_TO_REAL_APP_STATE_MUTATION_PASS": true,
  "worker_pid": 70725,
  "pin_manifest_sha256": "40f7c8c3d7c77b1af06f4778f7d1ffd50735cb54b30ba9acb3dcbc5b824f5575",
  "boot": {
    "ok": true
  },
  "qemu_pid": null,
  "guest_agent_sock": "/tmp/gdli-70725-5f461/ga.sock",
  "pre_mutation_baseline": {
    "ping_ok": true,
    "transport": "virtio_serial",
    "error": null,
    "error_class": null,
    "t_utc": "2026-09-10T03:09:22Z"
  },
  "ring": {
    "RING_TO_REAL_APP_STATE_MUTATION_PASS": true,
    "note": "Ring\u2192SpatialInput\u2192guest HID mutated LibreOffice+RingMemo+Pedestrian (input-driven, no lab collector / no migration-alone); guest artifacts committed",
    "mutation_marker": "RINGMUTATION1789009762",
    "correlation_id": "ring-1789009762-70725"
  },
  "correlation_id": "ring-1789009762-70725",
  "elapsed_sec": 184.1,
  "finished_at_utc": "2026-09-10T03:11:48Z"
}
Cycle B finished
