{
  "schema": "gunnchos.product_use_rc_001.s1_closer.v1",
  "started_at_utc": "2026-08-14T00:34:27Z",
  "boot_ok": true,
  "pack": {
    "ok": true,
    "out_dir": "/Users/gunnchos/Downloads/gunnchos-7gc-research-product-spine/repos/gunnchos-device-os/artifacts/product_use/waike_guest_pack",
    "course_id": "GENERAL_IT",
    "package_version": "owner-546819c6b395",
    "learner_has_answer_keys": false,
    "host_separated": true
  },
  "prefer_fail_over_false_pass": true,
  "tokens_remain_false": true,
  "only": [
    "G14",
    "RING"
  ],
  "handheld_dock_continuity": "OPEN",
  "results": {
    "RING": {
      "RING_TO_REAL_APP_STATE_MUTATION_PASS": false,
      "claim_boundary": "Interactive Development Guest proofs run against a real virtio-serial guest agent inside a Debian cloud-init-provisioned guest. SILICON_EXACT_EMULATION=false. DEVICE_LAB_INTERACTIVE_DEVELOPMENT_GUEST=true. SHIPPING_IMAGE=false. A *_PASS token here is only ever set true when this run's own agent responses (not a mailbox stub) demonstrate it.",
      "MOUSEPAD_FILE_APPEND_ALONE_INSUFFICIENT": true,
      "marker_found_in_after": true,
      "ping": {
        "ok": true,
        "protocol": "gunnchos.guest_agent.v1",
        "cmd": "ping",
        "transport": "virtio_serial",
        "agent_path_label": "virtio-serial",
        "SILICON_EXACT_EMULATION": false,
        "production_keys": false,
        "measurement_class": "GUEST_OBSERVED",
        "pong": true,
        "boot_complete": true
      },
      "app_launches": {
        "libreoffice": {
          "ok": true,
          "protocol": "gunnchos.guest_agent.v1",
          "cmd": "app_launch",
          "transport": "virtio_serial",
          "agent_path_label": "virtio-serial",
          "SILICON_EXACT_EMULATION": false,
          "production_keys": false,
          "measurement_class": "GUEST_OBSERVED",
          "app": "libreoffice",
          "pid": 431,
          "started": true,
          "alive_after_500ms": true,
          "argv": [
            "libreoffice",
            "--writer",
            "--nologo",
            "--norestore",
            "--nolockcheck",
            "/root/gunnchos-lab-document.odt"
          ]
        },
        "browser": {
          "ok": true,
          "protocol": "gunnchos.guest_agent.v1",
          "cmd": "process_start",
          "transport": "virtio_serial",
          "agent_path_label": "virtio-serial",
          "SILICON_EXACT_EMULATION": false,
          "production_keys": false,
          "measurement_class": "GUEST_OBSERVED",
          "started": "chromium-ring",
          "pid": 750
        },
        "game": {
          "start": {
            "ok": true,
            "pid": 1140,
            "started": "godot-pedestrian-ring"
          },
          "alive": {
            "ok": true,
            "stdout": "1140 /opt/gunnchos/bin/godot --path /root/pedestrian-pursuit --display-driver wayland --rendering-driver opengl3\n1145 bash -lc pgrep -af '[g]odot' | head; pgrep -x godot >/dev/null && echo ALIVE\nALIVE\n"
          },
          "wayland": "wayland-0",
          "process_alive": true,
          "alive_after_mutation": {
            "ok": true,
            "stdout": "ALIVE\n1140 /opt/gunnchos/bin/godot --path /root/pedestrian-pursuit --display-driver wayland --rendering-driver opengl3\n1197 bash -lc pgrep -x godot >/dev/null && echo ALIVE; pgrep -af '[g]odot' | head\n"
          },
          "harness_rejected": true,
          "first_run_create_rejected": false,
          "migration_alone_rejected": true,
          "post_load_baseline_required": true
        }
      },
      "guest_artifacts": {
        "ok": false,
        "odt_path_guest": "/root/gunnchos-lab-document.odt",
        "odt_bytes": 8928,
        "odt_marker": "RINGMUTATION1786667678",
        "lab_browser_collector_forbidden": true,
        "committed_odt": "document/ring_editor_buffer.odt",
        "lab_ringring_rejected": true,
        "lab_document_state_forbidden": true,
        "document_state_present": false
      },
      "blocker": "guest_browser_state_not_committed",
      "RING_TO_REAL_APPLICATION_INPUT_PASS": false,
      "RING_SPATIAL_ACCURACY": "SIMULATED",
      "honesty": {
        "lab_browser_collector_forbidden": true,
        "pedestrian_migration_alone_forbidden": true,
        "seed_save_version": "2",
        "browser_evidence": "RingMemo.txt contenteditable document autosave",
        "spatial_labeled": "SIMULATED"
      },
      "pipeline_required": [
        "ring_simulator",
        "authenticated_packet",
        "RingService",
        "SpatialInputService",
        "confidence_gate",
        "guest_os_input",
        "app_state_mutation"
      ],
      "pipeline_ok": false,
      "guest_os_input_present": true,
      "mutations": {
        "libreoffice": {
          "ring": {
            "delivered": true,
            "via_stack": true,
            "app_state_changed": true,
            "os_input_path": {
              "attempted": true,
              "RING_SPATIAL_ACCURACY": "SIMULATED",
              "RING_TO_REAL_APPLICATION_INPUT_PASS": false,
              "guest_injection": {
                "ok": true,
                "path": "qemu_monitor_mouse",
                "x": 40,
                "y": 40,
                "button": "left",
                "attempts": [
                  {
                    "ok": true,
                    "command": "mouse_move 40 40",
                    "reply": "m\u001b[K\u001b[Dmo\u001b[K\u001b[D\u001b[Dmou\u001b[K\u001b[D\u001b[D\u001b[Dmous\u001b[K\u001b[D\u001b[D\u001b[D\u001b[Dmouse\u001b[K\u001b[D\u001b[D\u001b[D\u001b[D\u001b[Dmouse_\u001b[K\u001b[D\u001b[D\u001b[D\u001b[D\u001b[D\u001b[Dmouse_m\u001b[K\u001b[D\u001b[D\u001b[D\u001b[D\u001b[D\u001b[D\u001b[Dmouse_mo\u001b[K\u001b[D\u001b[D\u001b[D\u001b[D\u001b[D\u001b[D\u001b[D\u001b[Dmouse_mov\u001b[K\u001b[D\u001b[D\u001b[D\u001b[D\u001b[D\u001b[D\u001b[D\u001b[D\u001b[Dmouse_move\u001b[K\u001b[D\u001b[D\u001b[D\u001b[D\u001b[D\u001b[D\u001b[D\u001b[D\u001b[D\u001b[Dmouse_move \u001b[K\u001b[D\u001b[D\u001b[D\u001b[D\u001b[D\u001b[D\u001b[D\u001b[D\u001b[D\u001b[D\u001b[Dmouse_move 4\u001b[K\u001b[D\u001b[D\u001b[D\u001b[D\u001b[D\u001b[D\u001b[D\u001b[D\u001b[D\u001b[D\u001b[D\u001b[Dmouse_move 40\u001b[K\u001b[D\u001b[D\u001b[D\u001b[D\u001b[D\u001b[D\u001b[D\u001b[D\u001b[D\u001b[D\u001b[D\u001b[D\u001b[Dmouse_move 40 \u001b[K\u001b[D\u001b[D\u001b[D\u001b[D\u001b[D\u001b[D\u001b[D\u001b[D\u001b[D\u001b[D\u001b[D\u001b[D\u001b[D\u001b[Dmouse_move 40 4\u001b[K\u001b[D\u001b[D\u001b[D\u001b[D\u001b[D\u001b[D\u001b[",
                    "via": "qemu_monitor"
                  },
                  {
                    "ok": true,
                    "command": "mouse_button 1",
                    "reply": "m\u001b[K\u001b[Dmo\u001b[K\u001b[D\u001b[Dmou\u001b[K\u001b[D\u001b[D\u001b[Dmous\u001b[K\u001b[D\u001b[D\u001b[D\u001b[Dmouse\u001b[K\u001b[D\u001b[D\u001b[D\u001b[D\u001b[Dmouse_\u001b[K\u001b[D\u001b[D\u001b[D\u001b[D\u001b[D\u001b[Dmouse_b\u001b[K\u001b[D\u001b[D\u001b[D\u001b[D\u001b[D\u001b[D\u001b[Dmouse_bu\u001b[K\u001b[D\u001b[D\u001b[D\u001b[D\u001b[D\u001b[D\u001b[D\u001b[Dmouse_but\u001b[K\u001b[D\u001b[D\u001b[D\u001b[D\u001b[D\u001b[D\u001b[D\u001b[D\u001b[Dmouse_butt\u001b[K\u001b[D\u001b[D\u001b[D\u001b[D\u001b[D\u001b[D\u001b[D\u001b[D\u001b[D\u001b[Dmouse_butto\u001b[K\u001b[D\u001b[D\u001b[D\u001b[D\u001b[D\u001b[D\u001b[D\u001b[D\u001b[D\u001b[D\u001b[Dmouse_button\u001b[K\u001b[D\u001b[D\u001b[D\u001b[D\u001b[D\u001b[D\u001b[D\u001b[D\u001b[D\u001b[D\u001b[D\u001b[Dmouse_button \u001b[K\u001b[D\u001b[D\u001b[D\u001b[D\u001b[D\u001b[D\u001b[D\u001b[D\u001b[D\u001b[D\u001b[D\u001b[D\u001b[Dmouse_button 1\u001b[K\r\n(qemu) ",
                    "via": "qemu_monitor"
                  }
                ],
                "SILICON_EXACT_EMULATION": false,
                "claim_boundary": "Conventional input injection targets QEMU virt guest or hybrid Lab surfaces. Not physical HID SI. SILICON_EXACT_EMULATION=false."
              },
              "guest_observe": {
                "ok": true,
                "protocol": "gunnchos.guest_agent.v1",
                "cmd": "input_observe",
                "transport": "virtio_serial",
                "agent_path_label": "virtio-serial",
                "SILICON_EXACT_EMULATION": false,
                "production_keys": false,
                "measurement_class": "GUEST_OBSERVED",
                "devices": [
                  {
                    "path": "/dev/input/event5",
                    "name": "gunnchos-uinput-tablet"
                  },
                  {
                    "path": "/dev/input/event4",
                    "name": "gunnchos-uinput-mouse"
                  },
                  {
                    "path": "/dev/input/event3",
                    "name": "gunnchos-uinput-kbd"
                  },
                  {
                    "path": "/dev/input/event2",
                    "name": "QEMU Virtio Tablet"
                  },
                  {
                    "path": "/dev/input/event1",
                    "name": "QEMU Virtio Keyboard"
                  },
                  {
                    "path": "/dev/input/event0",
                    "name": "Power Button"
                  }
                ],
                "count": 6
              },
              "path": "guest_attempted",
              "blocker": "Guest virtio-serial input_observe not proven (stub or missing); spatial remains SIMULATED"
            }
          },
          "before": {
            "ok": true,
            "protocol": "gunnchos.guest_agent.v1",
            "cmd": "logs",
            "transport": "virtio_serial",
            "agent_path_label": "virtio-serial",
            "SILICON_EXACT_EMULATION": false,
            "production_keys": false,
            "measurement_class": "GUEST_OBSERVED",
            "path": "/root/gunnchos-lab-document.txt",
            "lines": [
              "aLIVEPROOF1786658825LIVEPROOF1786658825"
            ]
          },
          "after": {
            "ok": true,
            "protocol": "gunnchos.guest_agent.v1",
            "cmd": "logs",
            "transport": "virtio_serial",
            "agent_path_label": "virtio-serial",
            "SILICON_EXACT_EMULATION": false,
            "production_keys": false,
            "measurement_class": "GUEST_OBSERVED",
            "path": "/root/gunnchos-lab-document.txt",
            "lines": [
              "aLIVEPROOF1786658825LIVEPROOF1786658825"
            ]
          },
          "odt_probe": {
            "ok": true,
            "stdout": "/root/gunnchos-lab-document.odt <?xml version=\"1.0\" encoding=\"UTF-8\"?>\n<office:document-content xmlns:css3t=\"http://www.w3.org/TR/css3-text/\" xmlns:grddl=\"http://www.w3.org/2003/g/data-view#\" xmlns:xhtml=\"http://www.w3.org/1999/xhtml\" xmlns:xsi=\"http://www.w3.org/2001/XMLSchema-instance\" xmlns:xsd=\"http://www.w3.org/2001/XMLSchema\" xmlns:xforms=\"http://www.w3.org/2002/xforms\" xmlns:dom=\"http://www.w3.org/2001/xml-events\" xmlns:script=\"urn:oasis:names:tc:opendocument:xmlns:script:1.0\" xmlns:form=\"urn:oasis:names:tc:opendocument:xmlns:form:1.0\" xmlns:math=\"http://www.w3.org/1998/Math/MathML\" xmlns:office=\"urn:oasis:names:tc:opendocument:xmlns:office:1.0\" xmlns:ooo=\"http://openoffice.org/2004/office\" xmlns:fo=\"urn:oasis:names:tc:opendocument:xmlns:xsl-fo-compatible:1.0\" xmlns:ooow=\"http://openoffice.org/2004/writer\" xmlns:xlink=\"http://www.w3.org/1999/xlink\" xmlns:drawooo=\"http://openoffice.org/2010/draw\" xmlns:oooc=\"http://openoffice.org/2004/calc\" xmlns:dc=\"http://purl.org/dc/elements/1.1/\" xmlns:calcext=\"urn:org:documentfoundation:names:experimental:calc:xmlns:calcext:1.0\" xmlns:style=\"urn:oasis:names:tc:opendocument:xmlns:style:1.0\" xmlns:text=\"urn:oasis:names:tc:opendocument:xmlns:text:1.0\" xmlns:of=\"urn:oasis:names:tc:opendocument:xmlns:of:1.2\" xmlns:tableooo=\"http://openoffice.org/2009/table\" xmlns:draw=\"urn:oasis:names:tc:opendocument:xmlns:drawing:1.0\" xmlns:dr3d=\"urn:oasis:names:tc:opendocument:xmlns:dr3d:1.0\" xmlns:rpt=\"http://openoffice.org/2005/report\" xmlns:formx=\"urn:openoffice:names:experimental:ooxml-odf-interop:xmlns:form:1.0\" xmlns:svg=\"urn:oasis:names:tc:opendocument:xmlns:svg-compatible:1.0\" xmlns:chart=\"urn:oasis:names:tc:opendocument:xmlns:chart:1.0\" xmlns:officeooo=\"http://openoffice.org/2009/office\" xmlns:table=\"urn:oasis:names:tc:opendocument:xmlns:table:1.0\" xmlns:meta=\"urn:oasis:names:tc:opendocument:xmlns:meta:1.0\" xmlns:loext=\"urn:org:documentfoundation:names:experimental:office:xmlns:loext:1.0\" xmlns:number=\"urn:oasis:names:tc:opendocument:xmlns:datastyle:1.0\" xmlns:field=\"urn:openoffice:names:experimental:ooo-ms-interop:xmlns:field:1.0\" office:version=\"1.3\"><office:scripts/><office:font-face-decls><style:font-face style:name=\"DejaVu Sans\" svg:font-family=\"&apos;DejaVu Sans&apos;\" style:font-family-generic=\"system\" style:font-pitch=\"variable\"/><style:font-face style:name=\"Liberation Serif\" svg:font-family=\"&apos;Liberation Serif&apos;\" style:font-family-generic=\"roman\" style:font-pitch=\"variable\"/></office:font-face-decls><office:automatic-styles><style:style style:name=\"T1\" style:family=\"text\"><style:text-properties officeooo:rsid=\"00152926\"/></style:style></office:automatic-styles><office:body><office:text><text:sequence-decls><text:sequence-decl text:display-outline-level=\"0\" text:name=\"Illustration\"/><text:sequence-decl text:display-outline-level=\"0\" text:name=\"Table\"/><text:sequence-decl text:display-outline-level=\"0\" text:name=\"Text\"/><text:sequence-decl text:display-outline-level=\"0\" text:name=\"Drawing\"/><text:sequence-decl text:display-outline-level=\"0\" text:name=\"Figure\"/></text:sequence-decls><text:p text:style-name=\"Standard\">RingSeed<text:span text:style-name=\"T1\">RINGMUTATION1786667678</text:span></text:p></office:text></office:body></office:document-content>\n",
            "soffice_ready": true
          },
          "seed": {
            "ok": true
          },
          "alive": "431 /usr/lib/libreoffice/program/oosplash --writer --nologo --norestore --nolockcheck /root/gunnchos-lab-document.odt\n462 /usr/lib/libreoffice/program/soffice.bin --writer --nologo --norestore --nolockcheck /root/gunnchos-lab-document.odt\n",
          "marker": "RINGMUTATION1786667678",
          "mutated": true,
          "libreoffice_or_writer_surface_alive": true,
          "mousepad_fallback_rejected": true
        },
        "browser": {
          "ring": {
            "delivered": true,
            "via_stack": true,
            "app_state_changed": true,
            "os_input_path": {
              "attempted": true,
              "RING_SPATIAL_ACCURACY": "SIMULATED",
              "RING_TO_REAL_APPLICATION_INPUT_PASS": false,
              "guest_injection": {
                "ok": true,
                "path": "qemu_monitor_mouse",
                "x": 40,
                "y": 40,
                "button": "left",
                "attempts": [
                  {
                    "ok": true,
                    "command": "mouse_move 40 40",
                    "reply": "(qemu) m\u001b[K\u001b[Dmo\u001b[K\u001b[D\u001b[Dmou\u001b[K\u001b[D\u001b[D\u001b[Dmous\u001b[K\u001b[D\u001b[D\u001b[D\u001b[Dmouse\u001b[K\u001b[D\u001b[D\u001b[D\u001b[D\u001b[Dmouse_\u001b[K\u001b[D\u001b[D\u001b[D\u001b[D\u001b[D\u001b[Dmouse_m\u001b[K\u001b[D\u001b[D\u001b[D\u001b[D\u001b[D\u001b[D\u001b[Dmouse_mo\u001b[K\u001b[D\u001b[D\u001b[D\u001b[D\u001b[D\u001b[D\u001b[D\u001b[Dmouse_mov\u001b[K\u001b[D\u001b[D\u001b[D\u001b[D\u001b[D\u001b[D\u001b[D\u001b[D\u001b[Dmouse_move\u001b[K\u001b[D\u001b[D\u001b[D\u001b[D\u001b[D\u001b[D\u001b[D\u001b[D\u001b[D\u001b[Dmouse_move \u001b[K\u001b[D\u001b[D\u001b[D\u001b[D\u001b[D\u001b[D\u001b[D\u001b[D\u001b[D\u001b[D\u001b[Dmouse_move 4\u001b[K\u001b[D\u001b[D\u001b[D\u001b[D\u001b[D\u001b[D\u001b[D\u001b[D\u001b[D\u001b[D\u001b[D\u001b[Dmouse_move 40\u001b[K\u001b[D\u001b[D\u001b[D\u001b[D\u001b[D\u001b[D\u001b[D\u001b[D\u001b[D\u001b[D\u001b[D\u001b[D\u001b[Dmouse_move 40 \u001b[K\u001b[D\u001b[D\u001b[D\u001b[D\u001b[D\u001b[D\u001b[D\u001b[D\u001b[D\u001b[D\u001b[D\u001b[D\u001b[D\u001b[Dmouse_move 40 4\u001b[K\u001b[D\u001b[D\u001b[D\u001b[D\u001b",
                    "via": "qemu_monitor"
                  },
                  {
                    "ok": true,
                    "command": "mouse_button 1",
                    "reply": "(qemu) m\u001b[K\u001b[Dmo\u001b[K\u001b[D\u001b[Dmou\u001b[K\u001b[D\u001b[D\u001b[Dmous\u001b[K\u001b[D\u001b[D\u001b[D\u001b[Dmouse\u001b[K\u001b[D\u001b[D\u001b[D\u001b[D\u001b[Dmouse_\u001b[K\u001b[D\u001b[D\u001b[D\u001b[D\u001b[D\u001b[Dmouse_b\u001b[K\u001b[D\u001b[D\u001b[D\u001b[D\u001b[D\u001b[D\u001b[Dmouse_bu\u001b[K\u001b[D\u001b[D\u001b[D\u001b[D\u001b[D\u001b[D\u001b[D\u001b[Dmouse_but\u001b[K\u001b[D\u001b[D\u001b[D\u001b[D\u001b[D\u001b[D\u001b[D\u001b[D\u001b[Dmouse_butt\u001b[K\u001b[D\u001b[D\u001b[D\u001b[D\u001b[D\u001b[D\u001b[D\u001b[D\u001b[D\u001b[Dmouse_butto\u001b[K\u001b[D\u001b[D\u001b[D\u001b[D\u001b[D\u001b[D\u001b[D\u001b[D\u001b[D\u001b[D\u001b[Dmouse_button\u001b[K\u001b[D\u001b[D\u001b[D\u001b[D\u001b[D\u001b[D\u001b[D\u001b[D\u001b[D\u001b[D\u001b[D\u001b[Dmouse_button \u001b[K\u001b[D\u001b[D\u001b[D\u001b[D\u001b[D\u001b[D\u001b[D\u001b[D\u001b[D\u001b[D\u001b[D\u001b[D\u001b[Dmouse_button 1\u001b[K\r\n(qemu) ",
                    "via": "qemu_monitor"
                  }
                ],
                "SILICON_EXACT_EMULATION": false,
                "claim_boundary": "Conventional input injection targets QEMU virt guest or hybrid Lab surfaces. Not physical HID SI. SILICON_EXACT_EMULATION=false."
              },
              "guest_observe": {
                "ok": true,
                "protocol": "gunnchos.guest_agent.v1",
                "cmd": "input_observe",
                "transport": "virtio_serial",
                "agent_path_label": "virtio-serial",
                "SILICON_EXACT_EMULATION": false,
                "production_keys": false,
                "measurement_class": "GUEST_OBSERVED",
                "devices": [
                  {
                    "path": "/dev/input/event5",
                    "name": "gunnchos-uinput-tablet"
                  },
                  {
                    "path": "/dev/input/event4",
                    "name": "gunnchos-uinput-mouse"
                  },
                  {
                    "path": "/dev/input/event3",
                    "name": "gunnchos-uinput-kbd"
                  },
                  {
                    "path": "/dev/input/event2",
                    "name": "QEMU Virtio Tablet"
                  },
                  {
                    "path": "/dev/input/event1",
                    "name": "QEMU Virtio Keyboard"
                  },
                  {
                    "path": "/dev/input/event0",
                    "name": "Power Button"
                  }
                ],
                "count": 6
              },
              "path": "guest_attempted",
              "blocker": "Guest virtio-serial input_observe not proven (stub or missing); spatial remains SIMULATED"
            }
          },
          "before_text": "",
          "after_text": "",
          "memo_path": "/root/Documents/RingMemo.txt",
          "memo_html": "/root/Documents/RingMemo.html",
          "lab_collector_html_forbidden": true,
          "click_counter_forbidden": true,
          "mutated": false,
          "http_doc_ok": {
            "ok": true,
            "stdout": "000fail\n",
            "stderr": "curl: (52) Empty reply from server\n"
          },
          "note": "Chromium real RingMemo.html contenteditable document; HID typing must appear in RingMemo.txt autosave. lab_browser.html click-collector forbidden."
        },
        "game": {
          "ring": {
            "delivered": true,
            "via_stack": true,
            "app_state_changed": true,
            "os_input_path": {
              "attempted": true,
              "RING_SPATIAL_ACCURACY": "SIMULATED",
              "RING_TO_REAL_APPLICATION_INPUT_PASS": false,
              "guest_injection": {
                "ok": true,
                "path": "qemu_monitor_mouse",
                "x": 40,
                "y": 40,
                "button": "left",
                "attempts": [
                  {
                    "ok": true,
                    "command": "mouse_move 40 40",
                    "reply": "(qemu) m\u001b[K\u001b[Dmo\u001b[K\u001b[D\u001b[Dmou\u001b[K\u001b[D\u001b[D\u001b[Dmous\u001b[K\u001b[D\u001b[D\u001b[D\u001b[Dmouse\u001b[K\u001b[D\u001b[D\u001b[D\u001b[D\u001b[Dmouse_\u001b[K\u001b[D\u001b[D\u001b[D\u001b[D\u001b[D\u001b[Dmouse_m\u001b[K\u001b[D\u001b[D\u001b[D\u001b[D\u001b[D\u001b[D\u001b[Dmouse_mo\u001b[K\u001b[D\u001b[D\u001b[D\u001b[D\u001b[D\u001b[D\u001b[D\u001b[Dmouse_mov\u001b[K\u001b[D\u001b[D\u001b[D\u001b[D\u001b[D\u001b[D\u001b[D\u001b[D\u001b[Dmouse_move\u001b[K\u001b[D\u001b[D\u001b[D\u001b[D\u001b[D\u001b[D\u001b[D\u001b[D\u001b[D\u001b[Dmouse_move \u001b[K\u001b[D\u001b[D\u001b[D\u001b[D\u001b[D\u001b[D\u001b[D\u001b[D\u001b[D\u001b[D\u001b[Dmouse_move 4\u001b[K\u001b[D\u001b[D\u001b[D\u001b[D\u001b[D\u001b[D\u001b[D\u001b[D\u001b[D\u001b[D\u001b[D\u001b[Dmouse_move 40\u001b[K\u001b[D\u001b[D\u001b[D\u001b[D\u001b[D\u001b[D\u001b[D\u001b[D\u001b[D\u001b[D\u001b[D\u001b[D\u001b[Dmouse_move 40 \u001b[K\u001b[D\u001b[D\u001b[D\u001b[D\u001b[D\u001b[D\u001b[D\u001b[D\u001b[D\u001b[D\u001b[D\u001b[D\u001b[D\u001b[Dmouse_move 40 4\u001b[K\u001b[D\u001b[D\u001b[D\u001b[D\u001b",
                    "via": "qemu_monitor"
                  },
                  {
                    "ok": true,
                    "command": "mouse_button 1",
                    "reply": "(qemu) m\u001b[K\u001b[Dmo\u001b[K\u001b[D\u001b[Dmou\u001b[K\u001b[D\u001b[D\u001b[Dmous\u001b[K\u001b[D\u001b[D\u001b[D\u001b[Dmouse\u001b[K\u001b[D\u001b[D\u001b[D\u001b[D\u001b[Dmouse_\u001b[K\u001b[D\u001b[D\u001b[D\u001b[D\u001b[D\u001b[Dmouse_b\u001b[K\u001b[D\u001b[D\u001b[D\u001b[D\u001b[D\u001b[D\u001b[Dmouse_bu\u001b[K\u001b[D\u001b[D\u001b[D\u001b[D\u001b[D\u001b[D\u001b[D\u001b[Dmouse_but\u001b[K\u001b[D\u001b[D\u001b[D\u001b[D\u001b[D\u001b[D\u001b[D\u001b[D\u001b[Dmouse_butt\u001b[K\u001b[D\u001b[D\u001b[D\u001b[D\u001b[D\u001b[D\u001b[D\u001b[D\u001b[D\u001b[Dmouse_butto\u001b[K\u001b[D\u001b[D\u001b[D\u001b[D\u001b[D\u001b[D\u001b[D\u001b[D\u001b[D\u001b[D\u001b[Dmouse_button\u001b[K\u001b[D\u001b[D\u001b[D\u001b[D\u001b[D\u001b[D\u001b[D\u001b[D\u001b[D\u001b[D\u001b[D\u001b[Dmouse_button \u001b[K\u001b[D\u001b[D\u001b[D\u001b[D\u001b[D\u001b[D\u001b[D\u001b[D\u001b[D\u001b[D\u001b[D\u001b[D\u001b[Dmouse_button 1\u001b[K\r\n(qemu) ",
                    "via": "qemu_monitor"
                  }
                ],
                "SILICON_EXACT_EMULATION": false,
                "claim_boundary": "Conventional input injection targets QEMU virt guest or hybrid Lab surfaces. Not physical HID SI. SILICON_EXACT_EMULATION=false."
              },
              "guest_observe": {
                "ok": true,
                "protocol": "gunnchos.guest_agent.v1",
                "cmd": "input_observe",
                "transport": "virtio_serial",
                "agent_path_label": "virtio-serial",
                "SILICON_EXACT_EMULATION": false,
                "production_keys": false,
                "measurement_class": "GUEST_OBSERVED",
                "devices": [
                  {
                    "path": "/dev/input/event5",
                    "name": "gunnchos-uinput-tablet"
                  },
                  {
                    "path": "/dev/input/event4",
                    "name": "gunnchos-uinput-mouse"
                  },
                  {
                    "path": "/dev/input/event3",
                    "name": "gunnchos-uinput-kbd"
                  },
                  {
                    "path": "/dev/input/event2",
                    "name": "QEMU Virtio Tablet"
                  },
                  {
                    "path": "/dev/input/event1",
                    "name": "QEMU Virtio Keyboard"
                  },
                  {
                    "path": "/dev/input/event0",
                    "name": "Power Button"
                  }
                ],
                "count": 6
              },
              "path": "guest_attempted",
              "blocker": "Guest virtio-serial input_observe not proven (stub or missing); spatial remains SIMULATED"
            }
          },
          "launch": {
            "start": {
              "ok": true,
              "pid": 1140,
              "started": "godot-pedestrian-ring"
            },
            "alive": {
              "ok": true,
              "stdout": "1140 /opt/gunnchos/bin/godot --path /root/pedestrian-pursuit --display-driver wayland --rendering-driver opengl3\n1145 bash -lc pgrep -af '[g]odot' | head; pgrep -x godot >/dev/null && echo ALIVE\nALIVE\n"
            },
            "wayland": "wayland-0",
            "process_alive": true,
            "alive_after_mutation": {
              "ok": true,
              "stdout": "ALIVE\n1140 /opt/gunnchos/bin/godot --path /root/pedestrian-pursuit --display-driver wayland --rendering-driver opengl3\n1197 bash -lc pgrep -x godot >/dev/null && echo ALIVE; pgrep -af '[g]odot' | head\n"
            },
            "harness_rejected": true,
            "first_run_create_rejected": false,
            "migration_alone_rejected": true,
            "post_load_baseline_required": true
          },
          "save_path": "",
          "before": {},
          "after": {},
          "mutated": false,
          "godot_mutated": false,
          "process_alive": true,
          "first_run_create_rejected": true,
          "headless_harness_rejected": true,
          "migration_alone_rejected": true,
          "seed_save_version": "2",
          "post_load_baseline_required": true,
          "first_party_web_mutated": false,
          "lab_anime_aggressors_rejected": true,
          "lab_html_probe_rejected": true,
          "web_observe_only": {
            "before_input": 2,
            "after_input": 2,
            "note": "Lab anime-aggressors surface never earns RING_TO_REAL_APP_STATE_MUTATION_PASS"
          },
          "note": "Requires HID-driven Pedestrian save delta beyond post-load baseline (migration-alone/first-run rejected)"
        }
      },
      "confidence_gate": {
        "low": {
          "ok": true,
          "delivered": false,
          "reject": {
            "reason": "low_confidence",
            "confidence": 0.2
          },
          "via_stack": true
        },
        "wrong": {
          "ok": true,
          "delivered": false,
          "reject": {
            "reason": "wrong_target",
            "requested": "browser"
          },
          "via_stack": true
        },
        "ok": true
      },
      "mutation_marker": "RINGMUTATION1786667678",
      "note": "Not earned \u2014 need honest LibreOffice ODT + RingMemo marker + Pedestrian input-driven save (lab collector / migration-alone rejected)"
    },
    "G11": {
      "ok": false,
      "skipped": true,
      "demoted": true,
      "note": "Left demoted (PRODUCT_USE_S1_ONLY); fixture not shipping WAIKE"
    },
    "G14": {
      "persona": "G14",
      "ok": false,
      "DSXL_DUAL_COMPOSITOR_UX_PASS": false,
      "dsxl_missing": [
        "window_placement_on_both_outputs",
        "focus_move"
      ],
      "focus_moves": [
        {
          "ok": false,
          "output_id": "",
          "click": {
            "ok": true,
            "protocol": "gunnchos.guest_agent.v1",
            "cmd": "input_inject",
            "transport": "virtio_serial",
            "agent_path_label": "virtio-serial",
            "SILICON_EXACT_EMULATION": false,
            "production_keys": false,
            "measurement_class": "GUEST_OBSERVED",
            "kind": "pointer",
            "dx": 100,
            "dy": 100,
            "button": "left",
            "injected_via": "uinput"
          }
        },
        {
          "ok": false,
          "output_id": "",
          "click": {
            "ok": true,
            "protocol": "gunnchos.guest_agent.v1",
            "cmd": "input_inject",
            "transport": "virtio_serial",
            "agent_path_label": "virtio-serial",
            "SILICON_EXACT_EMULATION": false,
            "production_keys": false,
            "measurement_class": "GUEST_OBSERVED",
            "kind": "pointer",
            "dx": 0,
            "dy": 20,
            "button": "left",
            "injected_via": "uinput"
          }
        }
      ],
      "git_build_test": {
        "ok": false,
        "stdout": "",
        "observation_class": "FAIL"
      },
      "observation_class": "PARTIAL_OR_FAIL",
      "raw_pass_flag": false
    }
  },
  "persona_table": "artifacts/product_use/PERSONA_JOURNEY_TABLE.json",
  "tokens_earned": {
    "STUDENT_DIGITAL_PICKUP_AND_USE_READY": false,
    "OFFICE_DIGITAL_PICKUP_AND_USE_READY": false,
    "TEACHER_DIGITAL_PICKUP_AND_USE_READY": false,
    "BUILDER_DIGITAL_PICKUP_AND_USE_READY": false,
    "CREATIVE_DIGITAL_PICKUP_AND_USE_READY": false
  },
  "S1_remaining": [
    "RING_TO_REAL_APP_STATE_MUTATION_PASS still open after honest re-earn attempt (no lab collector; Pedestrian requires input-driven delta beyond post-load)",
    "G11 DEMOTED \u2014 fixture not shipping WAIKE; HID quiz_submit OPEN; offline link_down OPEN (lo-probe only)",
    "G14 DSXL_DUAL_COMPOSITOR_UX_PASS still false",
    "G14 git clone/build/test incomplete",
    "Handheld dock continuity OPEN",
    "G11 reboot/resume schoolwork NOT_RUN",
    "Persona tokens remain false until full pickup-and-use journeys"
  ],
  "Edmund_mergeable": false,
  "finished_at_utc": "2026-08-14T00:40:58Z"
}
