{
  "schema": "gunnchos.product_use_rc_001.s1_closer.v1",
  "started_at_utc": "2026-08-13T23:11:43Z",
  "boot_ok": true,
  "pack": {
    "ok": true,
    "out_dir": "/Users/gunnchos/Downloads/gunnchos-7gc-research-product-spine/repos/gunnchos-device-os/artifacts/product_use/waike_guest_pack",
    "course_id": "GENERAL_IT",
    "package_version": "owner-546819c6b395",
    "learner_has_answer_keys": false
  },
  "prefer_fail_over_false_pass": true,
  "tokens_remain_false": true,
  "only": [
    "G14"
  ],
  "handheld_dock_continuity": "OPEN",
  "results": {
    "G11": {
      "ok": false,
      "skipped": true,
      "demoted": true,
      "note": "Left demoted (PRODUCT_USE_S1_ONLY); fixture not shipping WAIKE"
    },
    "G14": {
      "persona": "G14",
      "ok": false,
      "DSXL_DUAL_COMPOSITOR_UX_PASS": false,
      "dsxl_missing": [
        "focus_move"
      ],
      "focus_moves": [
        {
          "ok": false,
          "output_id": "card0-Virtual-1",
          "click": {
            "ok": false,
            "error": "unix_connect_failed",
            "detail": "empty_or_unmatched_response"
          }
        },
        {
          "ok": true,
          "output_id": "card0-Virtual-2",
          "click": {
            "ok": true,
            "protocol": "gunnchos.guest_agent.v1",
            "cmd": "input_inject",
            "transport": "virtio_serial",
            "agent_path_label": "virtio-serial",
            "SILICON_EXACT_EMULATION": false,
            "production_keys": false,
            "measurement_class": "GUEST_OBSERVED",
            "kind": "pointer",
            "dx": 0,
            "dy": 20,
            "button": "left",
            "injected_via": "uinput"
          }
        }
      ],
      "git_build_test": {
        "ok": false,
        "stdout": "",
        "observation_class": "FAIL"
      },
      "observation_class": "PARTIAL_OR_FAIL",
      "raw_pass_flag": false
    }
  },
  "persona_table": "artifacts/product_use/PERSONA_JOURNEY_TABLE.json",
  "tokens_earned": {
    "STUDENT_DIGITAL_PICKUP_AND_USE_READY": false,
    "OFFICE_DIGITAL_PICKUP_AND_USE_READY": false,
    "TEACHER_DIGITAL_PICKUP_AND_USE_READY": false,
    "BUILDER_DIGITAL_PICKUP_AND_USE_READY": false,
    "CREATIVE_DIGITAL_PICKUP_AND_USE_READY": false
  },
  "S1_remaining": [
    "RING_TO_REAL_APP_STATE_MUTATION_PASS OPEN (not attempted this focused run)",
    "G11 DEMOTED \u2014 fixture not shipping WAIKE; HID quiz_submit OPEN; offline link_down OPEN (lo-probe only)",
    "G14 DSXL_DUAL_COMPOSITOR_UX_PASS still false",
    "G14 git clone/build/test incomplete",
    "Handheld dock continuity OPEN",
    "G11 reboot/resume schoolwork NOT_RUN",
    "Persona tokens remain false until full pickup-and-use journeys"
  ],
  "Edmund_mergeable": false,
  "finished_at_utc": "2026-08-13T23:13:24Z"
}
